Component: ARM Compiler 5.06 update 5 (build 528) Tool: armlink [4d35e2]

==============================================================================

Section Cross References

    startup_stm32f407xx.o(STACK) refers (Special) to heapauxi.o(.text) for __use_two_region_memory
    startup_stm32f407xx.o(HEAP) refers (Special) to heapauxi.o(.text) for __use_two_region_memory
    startup_stm32f407xx.o(RESET) refers (Special) to heapauxi.o(.text) for __use_two_region_memory
    startup_stm32f407xx.o(RESET) refers to startup_stm32f407xx.o(STACK) for __initial_sp
    startup_stm32f407xx.o(RESET) refers to startup_stm32f407xx.o(.text) for Reset_Handler
    startup_stm32f407xx.o(RESET) refers to stm32f4xx_it.o(i.NMI_Handler) for NMI_Handler
    startup_stm32f407xx.o(RESET) refers to stm32f4xx_it.o(i.HardFault_Handler) for HardFault_Handler
    startup_stm32f407xx.o(RESET) refers to stm32f4xx_it.o(i.MemManage_Handler) for MemManage_Handler
    startup_stm32f407xx.o(RESET) refers to stm32f4xx_it.o(i.BusFault_Handler) for BusFault_Handler
    startup_stm32f407xx.o(RESET) refers to stm32f4xx_it.o(i.UsageFault_Handler) for UsageFault_Handler
    startup_stm32f407xx.o(RESET) refers to port.o(.emb_text) for SVC_Handler
    startup_stm32f407xx.o(RESET) refers to stm32f4xx_it.o(i.DebugMon_Handler) for DebugMon_Handler
    startup_stm32f407xx.o(RESET) refers to port.o(i.SysTick_Handler) for SysTick_Handler
    startup_stm32f407xx.o(RESET) refers to stm32f4xx_it.o(i.DMA1_Stream1_IRQHandler) for DMA1_Stream1_IRQHandler
    startup_stm32f407xx.o(RESET) refers to stm32f4xx_it.o(i.CAN1_RX0_IRQHandler) for CAN1_RX0_IRQHandler
    startup_stm32f407xx.o(RESET) refers to stm32f4xx_it.o(i.USART3_IRQHandler) for USART3_IRQHandler
    startup_stm32f407xx.o(RESET) refers to stm32f4xx_it.o(i.TIM6_DAC_IRQHandler) for TIM6_DAC_IRQHandler
    startup_stm32f407xx.o(RESET) refers to stm32f4xx_it.o(i.CAN2_RX0_IRQHandler) for CAN2_RX0_IRQHandler
    startup_stm32f407xx.o(.text) refers (Special) to heapauxi.o(.text) for __use_two_region_memory
    startup_stm32f407xx.o(.text) refers to system_stm32f4xx.o(i.SystemInit) for SystemInit
    startup_stm32f407xx.o(.text) refers to __main.o(!!!main) for __main
    startup_stm32f407xx.o(.text) refers to startup_stm32f407xx.o(HEAP) for Heap_Mem
    startup_stm32f407xx.o(.text) refers to startup_stm32f407xx.o(STACK) for Stack_Mem
    main.o(i.HAL_TIM_PeriodElapsedCallback) refers to stm32f4xx_hal.o(i.HAL_IncTick) for HAL_IncTick
    main.o(i.SystemClock_Config) refers to rt_memclr_w.o(.text) for __aeabi_memclr4
    main.o(i.SystemClock_Config) refers to stm32f4xx_hal_rcc.o(i.HAL_RCC_OscConfig) for HAL_RCC_OscConfig
    main.o(i.SystemClock_Config) refers to main.o(i.Error_Handler) for Error_Handler
    main.o(i.SystemClock_Config) refers to stm32f4xx_hal_rcc.o(i.HAL_RCC_ClockConfig) for HAL_RCC_ClockConfig
    main.o(i.main) refers to stm32f4xx_hal.o(i.HAL_Init) for HAL_Init
    main.o(i.main) refers to main.o(i.SystemClock_Config) for SystemClock_Config
    main.o(i.main) refers to gpio.o(i.MX_GPIO_Init) for MX_GPIO_Init
    main.o(i.main) refers to dma.o(i.MX_DMA_Init) for MX_DMA_Init
    main.o(i.main) refers to usart.o(i.MX_USART3_UART_Init) for MX_USART3_UART_Init
    main.o(i.main) refers to can.o(i.MX_CAN1_Init) for MX_CAN1_Init
    main.o(i.main) refers to can.o(i.MX_CAN2_Init) for MX_CAN2_Init
    main.o(i.main) refers to tim.o(i.MX_TIM4_Init) for MX_TIM4_Init
    main.o(i.main) refers to stm32f4xx_hal_tim.o(i.HAL_TIM_Base_Start) for HAL_TIM_Base_Start
    main.o(i.main) refers to stm32f4xx_hal_tim.o(i.HAL_TIM_PWM_Start) for HAL_TIM_PWM_Start
    main.o(i.main) refers to app_init.o(i.Init_InitAll) for Init_InitAll
    main.o(i.main) refers to freertos.o(i.MX_FREERTOS_Init) for MX_FREERTOS_Init
    main.o(i.main) refers to cmsis_os.o(i.osKernelStart) for osKernelStart
    main.o(i.main) refers to tim.o(.bss) for htim4
    gpio.o(i.MX_GPIO_Init) refers to rt_memclr_w.o(.text) for __aeabi_memclr4
    gpio.o(i.MX_GPIO_Init) refers to stm32f4xx_hal_gpio.o(i.HAL_GPIO_WritePin) for HAL_GPIO_WritePin
    gpio.o(i.MX_GPIO_Init) refers to stm32f4xx_hal_gpio.o(i.HAL_GPIO_Init) for HAL_GPIO_Init
    freertos.o(i.Chassis_Task) refers to cmsis_os.o(i.osDelay) for osDelay
    freertos.o(i.MX_FREERTOS_Init) refers to rt_memcpy_w.o(.text) for __aeabi_memcpy4
    freertos.o(i.MX_FREERTOS_Init) refers to cmsis_os.o(i.osThreadCreate) for osThreadCreate
    freertos.o(i.MX_FREERTOS_Init) refers to freertos.o(.constdata) for .constdata
    freertos.o(i.MX_FREERTOS_Init) refers to freertos.o(.data) for .data
    freertos.o(i.Remote_Task) refers to cmsis_os.o(i.osDelay) for osDelay
    freertos.o(i.vApplicationGetIdleTaskMemory) refers to freertos.o(.bss) for .bss
    freertos.o(.constdata) refers to freertos.o(.conststring) for .conststring
    freertos.o(.constdata) refers to app_remote.o(i.Remote_Task) for Remote_Task
    freertos.o(.constdata) refers to app_chassis.o(i.Chassis_Task) for Chassis_Task
[...]
    i.xTaskCreateStatic                      0x08004ef4   Section        0  tasks.o(i.xTaskCreateStatic)
    i.xTaskIncrementTick                     0x08004f50   Section        0  tasks.o(i.xTaskIncrementTick)
    i.xTaskResumeAll                         0x08005020   Section        0  tasks.o(i.xTaskResumeAll)
    x$fpl$fpinit                             0x080050ec   Section       10  fpinit.o(x$fpl$fpinit)
    $v0                                      0x080050ec   Number         0  fpinit.o(x$fpl$fpinit)
    .constdata                               0x080050f8   Section       56  freertos.o(.constdata)
    .constdata                               0x08005130   Section        8  stm32f4xx_hal_dma.o(.constdata)
    flagBitshiftOffset                       0x08005130   Data           8  stm32f4xx_hal_dma.o(.constdata)
    .constdata                               0x08005138   Section       16  system_stm32f4xx.o(.constdata)
    .constdata                               0x08005148   Section        8  system_stm32f4xx.o(.constdata)
    .constdata                               0x08005150   Section        4  sys_const.o(.constdata)
    .constdata                               0x08005154   Section        4  sys_const.o(.constdata)
    .constdata                               0x08005158   Section        4  sys_const.o(.constdata)
    .constdata                               0x0800515c   Section        4  sys_const.o(.constdata)
    .constdata                               0x08005160   Section        4  sys_const.o(.constdata)
    .constdata                               0x08005164   Section       80  sys_const.o(.constdata)
    .constdata                               0x080051b4   Section       80  sys_const.o(.constdata)
    .constdata                               0x08005204   Section       80  sys_const.o(.constdata)
    .constdata                               0x08005254   Section       80  sys_const.o(.constdata)
    .constdata                               0x080052a4   Section       80  sys_const.o(.constdata)
    .constdata                               0x080052f4   Section       80  sys_const.o(.constdata)
    .constdata                               0x08005344   Section       80  sys_const.o(.constdata)
    .constdata                               0x08005394   Section       80  sys_const.o(.constdata)
    .constdata                               0x080053e4   Section     2052  commontables.o(.constdata)
    .conststring                             0x08005be8   Section       32  freertos.o(.conststring)
    .data                                    0x20000000   Section        8  freertos.o(.data)
    .data                                    0x20000008   Section        4  can.o(.data)
    HAL_RCC_CAN1_CLK_ENABLED                 0x20000008   Data           4  can.o(.data)
    .data                                    0x2000000c   Section       12  stm32f4xx_hal.o(.data)
    .data                                    0x20000018   Section        4  system_stm32f4xx.o(.data)
    .data                                    0x2000001c   Section      512  app_remote.o(.data)
    .data                                    0x2000021c   Section        8  drv_remote.o(.data)
    .data                                    0x20000224   Section       60  tasks.o(.data)
    uxDeletedTasksWaitingCleanUp             0x20000228   Data           4  tasks.o(.data)
    uxCurrentNumberOfTasks                   0x2000022c   Data           4  tasks.o(.data)
    xTickCount                               0x20000230   Data           4  tasks.o(.data)
    uxTopReadyPriority                       0x20000234   Data           4  tasks.o(.data)
    xSchedulerRunning                        0x20000238   Data           4  tasks.o(.data)
    xPendedTicks                             0x2000023c   Data           4  tasks.o(.data)
    xYieldPending                            0x20000240   Data           4  tasks.o(.data)
    xNumOfOverflows                          0x20000244   Data           4  tasks.o(.data)
    uxTaskNumber                             0x20000248   Data           4  tasks.o(.data)
    xNextTaskUnblockTime                     0x2000024c   Data           4  tasks.o(.data)
    xIdleTaskHandle                          0x20000250   Data           4  tasks.o(.data)
    uxSchedulerSuspended                     0x20000254   Data           4  tasks.o(.data)
    pxDelayedTaskList                        0x20000258   Data           4  tasks.o(.data)
    pxOverflowDelayedTaskList                0x2000025c   Data           4  tasks.o(.data)
    .data                                    0x20000260   Section       32  heap_4.o(.data)
    pxEnd                                    0x20000260   Data           4  heap_4.o(.data)
    xFreeBytesRemaining                      0x20000264   Data           4  heap_4.o(.data)
    xMinimumEverFreeBytesRemaining           0x20000268   Data           4  heap_4.o(.data)
    xNumberOfSuccessfulAllocations           0x2000026c   Data           4  heap_4.o(.data)
    xNumberOfSuccessfulFrees                 0x20000270   Data           4  heap_4.o(.data)
    xBlockAllocatedBit                       0x20000274   Data           4  heap_4.o(.data)
    xStart                                   0x20000278   Data           8  heap_4.o(.data)
    .data                                    0x20000280   Section       12  port.o(.data)
    ucMaxSysCallPriority                     0x20000280   Data           1  port.o(.data)
    uxCriticalNesting                        0x20000284   Data           4  port.o(.data)
    ulMaxPRIGROUPValue                       0x20000288   Data           4  port.o(.data)
    .bss                                     0x2000028c   Section      596  freertos.o(.bss)
    xIdleTaskTCBBuffer                       0x2000028c   Data          84  freertos.o(.bss)
    xIdleStack                               0x200002e0   Data         512  freertos.o(.bss)
    .bss                                     0x200004e0   Section       80  can.o(.bss)
    .bss                                     0x20000530   Section       72  tim.o(.bss)
    .bss                                     0x20000578   Section      168  usart.o(.bss)
    .bss                                     0x20000620   Section       72  stm32f4xx_hal_timebase_tim.o(.bss)
    .bss                                     0x20000668   Section      888  drv_motor.o(.bss)
    .bss                                     0x200009e0   Section      100  drv_remote.o(.bss)
    .bss                                     0x20000a44   Section       28  bsp_can.o(.bss)
    .bss                                     0x20000a60   Section      200  bsp_can.o(.bss)
    .bss                                     0x20000b28   Section     1176  module_chassis.o(.bss)
    .bss                                     0x20000fc0   Section      240  tasks.o(.bss)
    pxReadyTasksLists                        0x20000fc0   Data         140  tasks.o(.bss)
    xDelayedTaskList1                        0x2000104c   Data          20  tasks.o(.bss)
    xDelayedTaskList2                        0x20001060   Data          20  tasks.o(.bss)
    xPendingReadyList                        0x20001074   Data          20  tasks.o(.bss)
    xTasksWaitingTermination                 0x20001088   Data          20  tasks.o(.bss)
    xSuspendedTaskList                       0x2000109c   Data          20  tasks.o(.bss)
    .bss                                     0x200010b0   Section    15360  heap_4.o(.bss)
    ucHeap                                   0x200010b0   Data       15360  heap_4.o(.bss)
    .bss                                     0x20004cb0   Section       96  libspace.o(.bss)
    HEAP                                     0x20004d10   Section      512  startup_stm32f407xx.o(HEAP)
    Heap_Mem                                 0x20004d10   Data         512  startup_stm32f407xx.o(HEAP)
    STACK                                    0x20004f10   Section     1024  startup_stm32f407xx.o(STACK)
    Stack_Mem                                0x20004f10   Data        1024  startup_stm32f407xx.o(STACK)
    __initial_sp                             0x20005310   Data           0  startup_stm32f407xx.o(STACK)

    Global Symbols

    Symbol Name                              Value     Ov Type        Size  Object(Section)

    BuildAttributes$$THM_ISAv4$E$P$D$K$B$S$7EM$VFPi3$EXTD16$VFPS$VFMA$PE$A:L22UL41UL21$X:L11$S22US41US21$IEEE1$IW$USESV6$~STKCKD$USESV7$~SHL$OTIME$ROPI$IEEEX$EBA8$UX$STANDARDLIB$REQ8$PRES8$EABIv2 0x00000000   Number         0  anon$$obj.o ABSOLUTE
    __ARM_use_no_argv                        0x00000000   Number         0  main.o ABSOLUTE
    __ARM_exceptions_init                     - Undefined Weak Reference
    __alloca_initialize                       - Undefined Weak Reference
    __arm_preinit_                            - Undefined Weak Reference
    __cpp_initialize__aeabi_                  - Undefined Weak Reference
    __cxa_finalize                            - Undefined Weak Reference
    __rt_locale                               - Undefined Weak Reference
    __sigvec_lookup                           - Undefined Weak Reference
    _atexit_init                              - Undefined Weak Reference
    _call_atexit_fns                          - Undefined Weak Reference
    _clock_init                               - Undefined Weak Reference
    _fp_trap_init                             - Undefined Weak Reference
    _fp_trap_shutdown                         - Undefined Weak Reference
    _get_lc_collate                           - Undefined Weak Reference
    _get_lc_ctype                             - Undefined Weak Reference
    _get_lc_monetary                          - Undefined Weak Reference
    _get_lc_numeric                           - Undefined Weak Reference
    _get_lc_time                              - Undefined Weak Reference
    _getenv_init                              - Undefined Weak Reference
    _handle_redirection                       - Undefined Weak Reference
    _init_alloc                               - Undefined Weak Reference
    _init_user_alloc                          - Undefined Weak Reference
    _initio                                   - Undefined Weak Reference
    _rand_init                                - Undefined Weak Reference
    _signal_finish                            - Undefined Weak Reference
    _signal_init                              - Undefined Weak Reference
    _terminate_alloc                          - Undefined Weak Reference
    _terminate_user_alloc                     - Undefined Weak Reference
    _terminateio                              - Undefined Weak Reference
    __Vectors_Size                           0x00000188   Number         0  startup_stm32f407xx.o ABSOLUTE
    __Vectors                                0x08000000   Data           4  startup_stm32f407xx.o(RESET)
    __Vectors_End                            0x08000188   Data           0  startup_stm32f407xx.o(RESET)
    __main                                   0x08000189   Thumb Code     8  __main.o(!!!main)
    __scatterload                            0x08000191   Thumb Code     0  __scatter.o(!!!scatter)
    __scatterload_rt2                        0x08000191   Thumb Code    44  __scatter.o(!!!scatter)
    __scatterload_rt2_thumb_only             0x08000191   Thumb Code     0  __scatter.o(!!!scatter)
    __scatterload_null                       0x0800019f   Thumb Code     0  __scatter.o(!!!scatter)
    __decompress                             0x080001c5   Thumb Code    90  __dczerorl2.o(!!dczerorl2)
    __decompress1                            0x080001c5   Thumb Code     0  __dczerorl2.o(!!dczerorl2)
    __scatterload_zeroinit                   0x08000221   Thumb Code    28  __scatter_zi.o(!!handler_zi)
    __rt_lib_init                            0x0800023d   Thumb Code     0  libinit.o(.ARM.Collect$$libinit$$00000000)
    __rt_lib_init_fp_1                       0x0800023f   Thumb Code     0  libinit2.o(.ARM.Collect$$libinit$$00000001)
    __rt_lib_init_alloca_1                   0x08000243   Thumb Code     0  libinit2.o(.ARM.Collect$$libinit$$0000002E)
    __rt_lib_init_argv_1                     0x08000243   Thumb Code     0  libinit2.o(.ARM.Collect$$libinit$$0000002C)
    __rt_lib_init_atexit_1                   0x08000243   Thumb Code     0  libinit2.o(.ARM.Collect$$libinit$$0000001B)
    __rt_lib_init_clock_1                    0x08000243   Thumb Code     0  libinit2.o(.ARM.Collect$$libinit$$00000021)
    __rt_lib_init_cpp_1                      0x08000243   Thumb Code     0  libinit2.o(.ARM.Collect$$libinit$$00000032)
    __rt_lib_init_exceptions_1               0x08000243   Thumb Code     0  libinit2.o(.ARM.Collect$$libinit$$00000030)
    __rt_lib_init_fp_trap_1                  0x08000243   Thumb Code     0  libinit2.o(.ARM.Collect$$libinit$$0000001F)
    __rt_lib_init_getenv_1                   0x08000243   Thumb Code     0  libinit2.o(.ARM.Collect$$libinit$$00000023)
    __rt_lib_init_heap_1                     0x08000243   Thumb Code     0  libinit2.o(.ARM.Collect$$libinit$$0000000A)
    __rt_lib_init_lc_collate_1               0x08000243   Thumb Code     0  libinit2.o(.ARM.Collect$$libinit$$00000011)
    __rt_lib_init_lc_ctype_1                 0x08000243   Thumb Code     0  libinit2.o(.ARM.Collect$$libinit$$00000013)
    __rt_lib_init_lc_monetary_1              0x08000243   Thumb Code     0  libinit2.o(.ARM.Collect$$libinit$$00000015)
    __rt_lib_init_lc_numeric_1               0x08000243   Thumb Code     0  libinit2.o(.ARM.Collect$$libinit$$00000017)
    __rt_lib_init_lc_time_1                  0x08000243   Thumb Code     0  libinit2.o(.ARM.Collect$$libinit$$00000019)
    __rt_lib_init_preinit_1                  0x08000243   Thumb Code     0  libinit2.o(.ARM.Collect$$libinit$$00000004)
    __rt_lib_init_rand_1                     0x08000243   Thumb Code     0  libinit2.o(.ARM.Collect$$libinit$$0000000E)
    __rt_lib_init_return                     0x08000243   Thumb Code     0  libinit2.o(.ARM.Collect$$libinit$$00000033)
    __rt_lib_init_signal_1                   0x08000243   Thumb Code     0  libinit2.o(.ARM.Collect$$libinit$$0000001D)
    __rt_lib_init_stdio_1                    0x08000243   Thumb Code     0  libinit2.o(.ARM.Collect$$libinit$$00000025)
    __rt_lib_init_user_alloc_1               0x08000243   Thumb Code     0  libinit2.o(.ARM.Collect$$libinit$$0000000C)
    __rt_lib_shutdown                        0x08000245   Thumb Code     0  libshutdown.o(.ARM.Collect$$libshutdown$$00000000)
    __rt_lib_shutdown_cpp_1                  0x08000247   Thumb Code     0  libshutdown2.o(.ARM.Collect$$libshutdown$$00000002)
    __rt_lib_shutdown_fp_trap_1              0x08000247   Thumb Code     0  libshutdown2.o(.ARM.Collect$$libshutdown$$00000007)
    __rt_lib_shutdown_heap_1                 0x08000247   Thumb Code     0  libshutdown2.o(.ARM.Collect$$libshutdown$$0000000F)
    __rt_lib_shutdown_return                 0x08000247   Thumb Code     0  libshutdown2.o(.ARM.Collect$$libshutdown$$00000010)
    __rt_lib_shutdown_signal_1               0x08000247   Thumb Code     0  libshutdown2.o(.ARM.Collect$$libshutdown$$0000000A)
    __rt_lib_shutdown_stdio_1                0x08000247   Thumb Code     0  libshutdown2.o(.ARM.Collect$$libshutdown$$00000004)
    __rt_lib_shutdown_user_alloc_1           0x08000247   Thumb Code     0  libshutdown2.o(.ARM.Collect$$libshutdown$$0000000C)
    __rt_entry                               0x08000249   Thumb Code     0  __rtentry.o(.ARM.Collect$$rtentry$$00000000)
    __rt_entry_presh_1                       0x08000249   Thumb Code     0  __rtentry2.o(.ARM.Collect$$rtentry$$00000002)
    __rt_entry_sh                            0x08000249   Thumb Code     0  __rtentry4.o(.ARM.Collect$$rtentry$$00000004)
    __rt_entry_li                            0x0800024f   Thumb Code     0  __rtentry2.o(.ARM.Collect$$rtentry$$0000000A)
    __rt_entry_postsh_1                      0x0800024f   Thumb Code     0  __rtentry2.o(.ARM.Collect$$rtentry$$00000009)
    __rt_entry_main                          0x08000253   Thumb Code     0  __rtentry2.o(.ARM.Collect$$rtentry$$0000000D)
    __rt_entry_postli_1                      0x08000253   Thumb Code     0  __rtentry2.o(.ARM.Collect$$rtentry$$0000000C)
    __rt_exit                                0x0800025b   Thumb Code     0  rtexit.o(.ARM.Collect$$rtexit$$00000000)
    __rt_exit_ls                             0x0800025d   Thumb Code     0  rtexit2.o(.ARM.Collect$$rtexit$$00000003)
    __rt_exit_prels_1                        0x0800025d   Thumb Code     0  rtexit2.o(.ARM.Collect$$rtexit$$00000002)
    __rt_exit_exit                           0x08000261   Thumb Code     0  rtexit2.o(.ARM.Collect$$rtexit$$00000004)
    SVC_Handler                              0x08000269   Thumb Code    28  port.o(.emb_text)
    __asm___6_port_c_39a90d8d__prvStartFirstTask 0x08000289   Thumb Code    36  port.o(.emb_text)
    __asm___6_port_c_39a90d8d__prvEnableVFP  0x080002b1   Thumb Code    16  port.o(.emb_text)
    PendSV_Handler                           0x080002c5   Thumb Code    88  port.o(.emb_text)
    vPortGetIPSR                             0x08000321   Thumb Code     6  port.o(.emb_text)
    Reset_Handler                            0x08000329   Thumb Code     8  startup_stm32f407xx.o(.text)
    ADC_IRQHandler                           0x08000343   Thumb Code     0  startup_stm32f407xx.o(.text)
    CAN1_RX1_IRQHandler                      0x08000343   Thumb Code     0  startup_stm32f407xx.o(.text)
    CAN1_SCE_IRQHandler                      0x08000343   Thumb Code     0  startup_stm32f407xx.o(.text)
    CAN1_TX_IRQHandler                       0x08000343   Thumb Code     0  startup_stm32f407xx.o(.text)
    CAN2_RX1_IRQHandler                      0x08000343   Thumb Code     0  startup_stm32f407xx.o(.text)
    CAN2_SCE_IRQHandler                      0x08000343   Thumb Code     0  startup_stm32f407xx.o(.text)
    CAN2_TX_IRQHandler                       0x08000343   Thumb Code     0  startup_stm32f407xx.o(.text)
    DCMI_IRQHandler                          0x08000343   Thumb Code     0  startup_stm32f407xx.o(.text)
    DMA1_Stream0_IRQHandler                  0x08000343   Thumb Code     0  startup_stm32f407xx.o(.text)
    DMA1_Stream2_IRQHandler                  0x08000343   Thumb Code     0  startup_stm32f407xx.o(.text)
    DMA1_Stream3_IRQHandler                  0x08000343   Thumb Code     0  startup_stm32f407xx.o(.text)
    DMA1_Stream4_IRQHandler                  0x08000343   Thumb Code     0  startup_stm32f407xx.o(.text)
    DMA1_Stream5_IRQHandler                  0x08000343   Thumb Code     0  startup_stm32f407xx.o(.text)
    DMA1_Stream6_IRQHandler                  0x08000343   Thumb Code     0  startup_stm32f407xx.o(.text)
    DMA1_Stream7_IRQHandler                  0x08000343   Thumb Code     0  startup_stm32f407xx.o(.text)
    DMA2_Stream0_IRQHandler                  0x08000343   Thumb Code     0  startup_stm32f407xx.o(.text)
    DMA2_Stream1_IRQHandler                  0x08000343   Thumb Code     0  startup_stm32f407xx.o(.text)
    DMA2_Stream2_IRQHandler                  0x08000343   Thumb Code     0  startup_stm32f407xx.o(.text)
    DMA2_Stream3_IRQHandler                  0x08000343   Thumb Code     0  startup_stm32f407xx.o(.text)
    DMA2_Stream4_IRQHandler                  0x08000343   Thumb Code     0  startup_stm32f407xx.o(.text)
    DMA2_Stream5_IRQHandler                  0x08000343   Thumb Code     0  startup_stm32f407xx.o(.text)
    DMA2_Stream6_IRQHandler                  0x08000343   Thumb Code     0  startup_stm32f407xx.o(.text)
    DMA2_Stream7_IRQHandler                  0x08000343   Thumb Code     0  startup_stm32f407xx.o(.text)
    ETH_IRQHandler                           0x08000343   Thumb Code     0  startup_stm32f407xx.o(.text)
    ETH_WKUP_IRQHandler                      0x08000343   Thumb Code     0  startup_stm32f407xx.o(.text)
    EXTI0_IRQHandler                         0x08000343   Thumb Code     0  startup_stm32f407xx.o(.text)
    EXTI15_10_IRQHandler                     0x08000343   Thumb Code     0  startup_stm32f407xx.o(.text)
    EXTI1_IRQHandler                         0x08000343   Thumb Code     0  startup_stm32f407xx.o(.text)
    EXTI2_IRQHandler                         0x08000343   Thumb Code     0  startup_stm32f407xx.o(.text)
    EXTI3_IRQHandler                         0x08000343   Thumb Code     0  startup_stm32f407xx.o(.text)
    EXTI4_IRQHandler                         0x08000343   Thumb Code     0  startup_stm32f407xx.o(.text)
    EXTI9_5_IRQHandler                       0x08000343   Thumb Code     0  startup_stm32f407xx.o(.text)
    FLASH_IRQHandler                         0x08000343   Thumb Code     0  startup_stm32f407xx.o(.text)
    FMC_IRQHandler                           0x08000343   Thumb Code     0  startup_stm32f407xx.o(.text)
    FPU_IRQHandler                           0x08000343   Thumb Code     0  startup_stm32f407xx.o(.text)
    HASH_RNG_IRQHandler                      0x08000343   Thumb Code     0  startup_stm32f407xx.o(.text)
    I2C1_ER_IRQHandler                       0x08000343   Thumb Code     0  startup_stm32f407xx.o(.text)
    I2C1_EV_IRQHandler                       0x08000343   Thumb Code     0  startup_stm32f407xx.o(.text)
    I2C2_ER_IRQHandler                       0x08000343   Thumb Code     0  startup_stm32f407xx.o(.text)
    I2C2_EV_IRQHandler                       0x08000343   Thumb Code     0  startup_stm32f407xx.o(.text)
    I2C3_ER_IRQHandler                       0x08000343   Thumb Code     0  startup_stm32f407xx.o(.text)
    I2C3_EV_IRQHandler                       0x08000343   Thumb Code     0  startup_stm32f407xx.o(.text)
    OTG_FS_IRQHandler                        0x08000343   Thumb Code     0  startup_stm32f407xx.o(.text)
    OTG_FS_WKUP_IRQHandler                   0x08000343   Thumb Code     0  startup_stm32f407xx.o(.text)
    OTG_HS_EP1_IN_IRQHandler                 0x08000343   Thumb Code     0  startup_stm32f407xx.o(.text)
    OTG_HS_EP1_OUT_IRQHandler                0x08000343   Thumb Code     0  startup_stm32f407xx.o(.text)
    OTG_HS_IRQHandler                        0x08000343   Thumb Code     0  startup_stm32f407xx.o(.text)
    OTG_HS_WKUP_IRQHandler                   0x08000343   Thumb Code     0  startup_stm32f407xx.o(.text)
    PVD_IRQHandler                           0x08000343   Thumb Code     0  startup_stm32f407xx.o(.text)
    RCC_IRQHandler                           0x08000343   Thumb Code     0  startup_stm32f407xx.o(.text)
    RTC_Alarm_IRQHandler                     0x08000343   Thumb Code     0  startup_stm32f407xx.o(.text)
    RTC_WKUP_IRQHandler                      0x08000343   Thumb Code     0  startup_stm32f407xx.o(.text)
    SDIO_IRQHandler                          0x08000343   Thumb Code     0  startup_stm32f407xx.o(.text)
    SPI1_IRQHandler                          0x08000343   Thumb Code     0  startup_stm32f407xx.o(.text)
    SPI2_IRQHandler                          0x08000343   Thumb Code     0  startup_stm32f407xx.o(.text)
    SPI3_IRQHandler                          0x08000343   Thumb Code     0  startup_stm32f407xx.o(.text)
    TAMP_STAMP_IRQHandler                    0x08000343   Thumb Code     0  startup_stm32f407xx.o(.text)
    TIM1_BRK_TIM9_IRQHandler                 0x08000343   Thumb Code     0  startup_stm32f407xx.o(.text)
    TIM1_CC_IRQHandler                       0x08000343   Thumb Code     0  startup_stm32f407xx.o(.text)
    TIM1_TRG_COM_TIM11_IRQHandler            0x08000343   Thumb Code     0  startup_stm32f407xx.o(.text)
    TIM1_UP_TIM10_IRQHandler                 0x08000343   Thumb Code     0  startup_stm32f407xx.o(.text)
    TIM2_IRQHandler                          0x08000343   Thumb Code     0  startup_stm32f407xx.o(.text)
    TIM3_IRQHandler                          0x08000343   Thumb Code     0  startup_stm32f407xx.o(.text)
    TIM4_IRQHandler                          0x08000343   Thumb Code     0  startup_stm32f407xx.o(.text)
    TIM5_IRQHandler                          0x08000343   Thumb Code     0  startup_stm32f407xx.o(.text)
    TIM7_IRQHandler                          0x08000343   Thumb Code     0  startup_stm32f407xx.o(.text)
    TIM8_BRK_TIM12_IRQHandler                0x08000343   Thumb Code     0  startup_stm32f407xx.o(.text)
    TIM8_CC_IRQHandler                       0x08000343   Thumb Code     0  startup_stm32f407xx.o(.text)
    TIM8_TRG_COM_TIM14_IRQHandler            0x08000343   Thumb Code     0  startup_stm32f407xx.o(.text)
    TIM8_UP_TIM13_IRQHandler                 0x08000343   Thumb Code     0  startup_stm32f407xx.o(.text)
    UART4_IRQHandler                         0x08000343   Thumb Code     0  startup_stm32f407xx.o(.text)
    UART5_IRQHandler                         0x08000343   Thumb Code     0  startup_stm32f407xx.o(.text)
    USART1_IRQHandler                        0x08000343   Thumb Code     0  startup_stm32f407xx.o(.text)
    USART2_IRQHandler                        0x08000343   Thumb Code     0  startup_stm32f407xx.o(.text)
    USART6_IRQHandler                        0x08000343   Thumb Code     0  startup_stm32f407xx.o(.text)
    WWDG_IRQHandler                          0x08000343   Thumb Code     0  startup_stm32f407xx.o(.text)
    __user_initial_stackheap                 0x08000345   Thumb Code     0  startup_stm32f407xx.o(.text)
    __aeabi_uldivmod                         0x08000369   Thumb Code     0  lludivv7m.o(.text)
    _ll_udiv                                 0x08000369   Thumb Code   238  lludivv7m.o(.text)
    __aeabi_memcpy4                          0x08000457   Thumb Code     0  rt_memcpy_w.o(.text)
    __aeabi_memcpy8                          0x08000457   Thumb Code     0  rt_memcpy_w.o(.text)
    __rt_memcpy_w                            0x08000457   Thumb Code   100  rt_memcpy_w.o(.text)
    _memcpy_lastbytes_aligned                0x0800049f   Thumb Code     0  rt_memcpy_w.o(.text)
    __aeabi_memclr4                          0x080004bb   Thumb Code     0  rt_memclr_w.o(.text)
    __aeabi_memclr8                          0x080004bb   Thumb Code     0  rt_memclr_w.o(.text)
    __rt_memclr_w                            0x080004bb   Thumb Code    78  rt_memclr_w.o(.text)
    _memset_w                                0x080004bf   Thumb Code     0  rt_memclr_w.o(.text)
    __use_two_region_memory                  0x08000509   Thumb Code     2  heapauxi.o(.text)
    __rt_heap_escrow$2region                 0x0800050b   Thumb Code     2  heapauxi.o(.text)
    __rt_heap_expand$2region                 0x0800050d   Thumb Code     2  heapauxi.o(.text)
    __user_libspace                          0x08000511   Thumb Code     8  libspace.o(.text)
    __user_perproc_libspace                  0x08000511   Thumb Code     0  libspace.o(.text)
    __user_perthread_libspace                0x08000511   Thumb Code     0  libspace.o(.text)
    __user_setup_stackheap                   0x08000519   Thumb Code    74  sys_stackheap_outer.o(.text)
    exit                                     0x08000563   Thumb Code    18  exit.o(.text)
    _sys_exit                                0x08000575   Thumb Code     8  sys_exit.o(.text)
    __I$use$semihosting                      0x08000581   Thumb Code     0  use_no_semi.o(.text)
    __use_no_semihosting_swi                 0x08000581   Thumb Code     2  use_no_semi.o(.text)
    BusFault_Handler                         0x08000583   Thumb Code     2  stm32f4xx_it.o(i.BusFault_Handler)
    __semihosting_library_function           0x08000583   Thumb Code     0  indicate_semi.o(.text)
    CAN1_RX0_IRQHandler                      0x08000585   Thumb Code     6  stm32f4xx_it.o(i.CAN1_RX0_IRQHandler)
    CAN2_RX0_IRQHandler                      0x08000591   Thumb Code     6  stm32f4xx_it.o(i.CAN2_RX0_IRQHandler)
    Can_ErrorHandler                         0x0800059d   Thumb Code     2  bsp_can.o(i.Can_ErrorHandler)
    Can_InitFilterAndStart                   0x080005a1   Thumb Code    88  bsp_can.o(i.Can_InitFilterAndStart)
    Can_InitTxHeader                         0x080005fd   Thumb Code    16  bsp_can.o(i.Can_InitTxHeader)
    Can_RxMessageCallback                    0x0800060d   Thumb Code    50  bsp_can.o(i.Can_RxMessageCallback)
    Can_SendMessage                          0x08000649   Thumb Code    18  bsp_can.o(i.Can_SendMessage)
    Chassis_ChassisPtr                       0x0800065d   Thumb Code     4  module_chassis.o(i.Chassis_ChassisPtr)
    Chassis_Control                          0x08000665   Thumb Code   238  module_chassis.o(i.Chassis_Control)
    Chassis_InitChassis                      0x08000765   Thumb Code   498  module_chassis.o(i.Chassis_InitChassis)
    Chassis_Output                           0x0800097d   Thumb Code    44  module_chassis.o(i.Chassis_Output)
    Chassis_SetChassisMode                   0x080009ad   Thumb Code    12  module_chassis.o(i.Chassis_SetChassisMode)
    Chassis_SetChassisRef                    0x080009b9   Thumb Code   634  module_chassis.o(i.Chassis_SetChassisRef)
    Chassis_StatusPtr                        0x08000c59   Thumb Code     4  module_chassis.o(i.Chassis_StatusPtr)
    Chassis_Task                             0x08000c61   Thumb Code    16  app_chassis.o(i.Chassis_Task)
    DMA1_Stream1_IRQHandler                  0x08000c71   Thumb Code     6  stm32f4xx_it.o(i.DMA1_Stream1_IRQHandler)
    DebugMon_Handler                         0x08000d4b   Thumb Code     2  stm32f4xx_it.o(i.DebugMon_Handler)
    Error_Handler                            0x08000d4d   Thumb Code     4  main.o(i.Error_Handler)
    Filter_LowPass                           0x08000d51   Thumb Code    64  alg_filter.o(i.Filter_LowPass)
    Filter_LowPassInit                       0x08000d91   Thumb Code     6  alg_filter.o(i.Filter_LowPassInit)
    Get_DMACurrentDataCounter                0x08000d97   Thumb Code     6  drv_remote.o(i.Get_DMACurrentDataCounter)
    HAL_CAN_ActivateNotification             0x08000d9d   Thumb Code    36  stm32f4xx_hal_can.o(i.HAL_CAN_ActivateNotification)
    HAL_CAN_AddTxMessage                     0x08000dc1   Thumb Code   226  stm32f4xx_hal_can.o(i.HAL_CAN_AddTxMessage)
    HAL_CAN_ConfigFilter                     0x08000ea5   Thumb Code   266  stm32f4xx_hal_can.o(i.HAL_CAN_ConfigFilter)
    HAL_CAN_ErrorCallback                    0x08000fb5   Thumb Code     2  stm32f4xx_hal_can.o(i.HAL_CAN_ErrorCallback)
    HAL_CAN_GetRxMessage                     0x08000fb7   Thumb Code   274  stm32f4xx_hal_can.o(i.HAL_CAN_GetRxMessage)
    HAL_CAN_IRQHandler                       0x080010c9   Thumb Code   508  stm32f4xx_hal_can.o(i.HAL_CAN_IRQHandler)
    HAL_CAN_Init                             0x080012c5   Thumb Code   338  stm32f4xx_hal_can.o(i.HAL_CAN_Init)
    HAL_CAN_MspInit                          0x08001419   Thumb Code   230  can.o(i.HAL_CAN_MspInit)
    HAL_CAN_RxFifo0FullCallback              0x08001519   Thumb Code     2  stm32f4xx_hal_can.o(i.HAL_CAN_RxFifo0FullCallback)
    HAL_CAN_RxFifo0MsgPendingCallback        0x0800151d   Thumb Code    36  stm32f4xx_it.o(i.HAL_CAN_RxFifo0MsgPendingCallback)
    HAL_CAN_RxFifo1FullCallback              0x08001549   Thumb Code     2  stm32f4xx_hal_can.o(i.HAL_CAN_RxFifo1FullCallback)
    HAL_CAN_RxFifo1MsgPendingCallback        0x0800154d   Thumb Code    36  stm32f4xx_it.o(i.HAL_CAN_RxFifo1MsgPendingCallback)
    HAL_CAN_SleepCallback                    0x08001579   Thumb Code     2  stm32f4xx_hal_can.o(i.HAL_CAN_SleepCallback)
    HAL_CAN_Start                            0x0800157b   Thumb Code    88  stm32f4xx_hal_can.o(i.HAL_CAN_Start)
    HAL_CAN_TxMailbox0AbortCallback          0x080015d3   Thumb Code     2  stm32f4xx_hal_can.o(i.HAL_CAN_TxMailbox0AbortCallback)
    HAL_CAN_TxMailbox0CompleteCallback       0x080015d5   Thumb Code     2  stm32f4xx_hal_can.o(i.HAL_CAN_TxMailbox0CompleteCallback)
    HAL_CAN_TxMailbox1AbortCallback          0x080015d7   Thumb Code     2  stm32f4xx_hal_can.o(i.HAL_CAN_TxMailbox1AbortCallback)
    HAL_CAN_TxMailbox1CompleteCallback       0x080015d9   Thumb Code     2  stm32f4xx_hal_can.o(i.HAL_CAN_TxMailbox1CompleteCallback)
    HAL_CAN_TxMailbox2AbortCallback          0x080015db   Thumb Code     2  stm32f4xx_hal_can.o(i.HAL_CAN_TxMailbox2AbortCallback)
    HAL_CAN_TxMailbox2CompleteCallback       0x080015dd   Thumb Code     2  stm32f4xx_hal_can.o(i.HAL_CAN_TxMailbox2CompleteCallback)
    HAL_CAN_WakeUpFromRxMsgCallback          0x080015df   Thumb Code     2  stm32f4xx_hal_can.o(i.HAL_CAN_WakeUpFromRxMsgCallback)
    HAL_DMA_Abort                            0x080015e1   Thumb Code   142  stm32f4xx_hal_dma.o(i.HAL_DMA_Abort)
    HAL_DMA_Abort_IT                         0x0800166f   Thumb Code    36  stm32f4xx_hal_dma.o(i.HAL_DMA_Abort_IT)
    HAL_DMA_IRQHandler                       0x08001695   Thumb Code   460  stm32f4xx_hal_dma.o(i.HAL_DMA_IRQHandler)
    HAL_DMA_Init                             0x08001865   Thumb Code   208  stm32f4xx_hal_dma.o(i.HAL_DMA_Init)
    HAL_DMA_Start                            0x08001939   Thumb Code    70  stm32f4xx_hal_dma.o(i.HAL_DMA_Start)
    HAL_GPIO_Init                            0x08001981   Thumb Code   420  stm32f4xx_hal_gpio.o(i.HAL_GPIO_Init)
    HAL_GPIO_WritePin                        0x08001b51   Thumb Code    14  stm32f4xx_hal_gpio.o(i.HAL_GPIO_WritePin)
    HAL_GetTick                              0x08001b61   Thumb Code     6  stm32f4xx_hal.o(i.HAL_GetTick)
    HAL_IncTick                              0x08001b6d   Thumb Code    12  stm32f4xx_hal.o(i.HAL_IncTick)
    HAL_Init                                 0x08001b7d   Thumb Code    48  stm32f4xx_hal.o(i.HAL_Init)
    HAL_InitTick                             0x08001bb1   Thumb Code   132  stm32f4xx_hal_timebase_tim.o(i.HAL_InitTick)
    HAL_MspInit                              0x08001c49   Thumb Code    52  stm32f4xx_hal_msp.o(i.HAL_MspInit)
    HAL_NVIC_EnableIRQ                       0x08001c81   Thumb Code    26  stm32f4xx_hal_cortex.o(i.HAL_NVIC_EnableIRQ)
    HAL_NVIC_SetPriority                     0x08001c9d   Thumb Code    60  stm32f4xx_hal_cortex.o(i.HAL_NVIC_SetPriority)
    HAL_NVIC_SetPriorityGrouping             0x08001cdd   Thumb Code    26  stm32f4xx_hal_cortex.o(i.HAL_NVIC_SetPriorityGrouping)
    HAL_RCC_ClockConfig                      0x08001d01   Thumb Code   310  stm32f4xx_hal_rcc.o(i.HAL_RCC_ClockConfig)
    HAL_RCC_GetClockConfig                   0x08001e4d   Thumb Code    52  stm32f4xx_hal_rcc.o(i.HAL_RCC_GetClockConfig)
    HAL_RCC_GetHCLKFreq                      0x08001e89   Thumb Code     6  stm32f4xx_hal_rcc.o(i.HAL_RCC_GetHCLKFreq)
    HAL_RCC_GetPCLK1Freq                     0x08001e95   Thumb Code    22  stm32f4xx_hal_rcc.o(i.HAL_RCC_GetPCLK1Freq)
    HAL_RCC_GetPCLK2Freq                     0x08001eb5   Thumb Code    22  stm32f4xx_hal_rcc.o(i.HAL_RCC_GetPCLK2Freq)
    HAL_RCC_GetSysClockFreq                  0x08001ed5   Thumb Code    94  stm32f4xx_hal_rcc.o(i.HAL_RCC_GetSysClockFreq)
    HAL_RCC_OscConfig                        0x08001f41   Thumb Code   942  stm32f4xx_hal_rcc.o(i.HAL_RCC_OscConfig)
    HAL_TIMEx_BreakCallback                  0x08002301   Thumb Code     2  stm32f4xx_hal_tim_ex.o(i.HAL_TIMEx_BreakCallback)
    HAL_TIMEx_CommutCallback                 0x08002303   Thumb Code     2  stm32f4xx_hal_tim_ex.o(i.HAL_TIMEx_CommutCallback)
    HAL_TIMEx_MasterConfigSynchronization    0x08002305   Thumb Code   114  stm32f4xx_hal_tim_ex.o(i.HAL_TIMEx_MasterConfigSynchronization)
    HAL_TIM_Base_Init                        0x08002395   Thumb Code    74  stm32f4xx_hal_tim.o(i.HAL_TIM_Base_Init)
    HAL_TIM_Base_MspInit                     0x080023e1   Thumb Code    30  tim.o(i.HAL_TIM_Base_MspInit)
    HAL_TIM_Base_Start                       0x08002409   Thumb Code   100  stm32f4xx_hal_tim.o(i.HAL_TIM_Base_Start)
    HAL_TIM_Base_Start_IT                    0x08002489   Thumb Code   110  stm32f4xx_hal_tim.o(i.HAL_TIM_Base_Start_IT)
    HAL_TIM_ConfigClockSource                0x08002515   Thumb Code   232  stm32f4xx_hal_tim.o(i.HAL_TIM_ConfigClockSource)
    HAL_TIM_IC_CaptureCallback               0x080025fd   Thumb Code     2  stm32f4xx_hal_tim.o(i.HAL_TIM_IC_CaptureCallback)
    HAL_TIM_IRQHandler                       0x080025ff   Thumb Code   312  stm32f4xx_hal_tim.o(i.HAL_TIM_IRQHandler)
    HAL_TIM_MspPostInit                      0x08002739   Thumb Code    70  tim.o(i.HAL_TIM_MspPostInit)
    HAL_TIM_OC_DelayElapsedCallback          0x0800278d   Thumb Code     2  stm32f4xx_hal_tim.o(i.HAL_TIM_OC_DelayElapsedCallback)
    HAL_TIM_PWM_ConfigChannel                0x0800278f   Thumb Code   216  stm32f4xx_hal_tim.o(i.HAL_TIM_PWM_ConfigChannel)
    HAL_TIM_PWM_Init                         0x08002867   Thumb Code    74  stm32f4xx_hal_tim.o(i.HAL_TIM_PWM_Init)
    HAL_TIM_PWM_MspInit                      0x080028b1   Thumb Code     2  stm32f4xx_hal_tim.o(i.HAL_TIM_PWM_MspInit)
    HAL_TIM_PWM_PulseFinishedCallback        0x080028b3   Thumb Code     2  stm32f4xx_hal_tim.o(i.HAL_TIM_PWM_PulseFinishedCallback)
    HAL_TIM_PWM_Start                        0x080028b5   Thumb Code   190  stm32f4xx_hal_tim.o(i.HAL_TIM_PWM_Start)
    HAL_TIM_PeriodElapsedCallback            0x08002991   Thumb Code    14  main.o(i.HAL_TIM_PeriodElapsedCallback)
    HAL_TIM_TriggerCallback                  0x080029a5   Thumb Code     2  stm32f4xx_hal_tim.o(i.HAL_TIM_TriggerCallback)
    HAL_UARTEx_RxEventCallback               0x080029a7   Thumb Code     2  stm32f4xx_hal_uart.o(i.HAL_UARTEx_RxEventCallback)
    HAL_UART_ErrorCallback                   0x080029a9   Thumb Code     2  stm32f4xx_hal_uart.o(i.HAL_UART_ErrorCallback)
    HAL_UART_IRQHandler                      0x080029ad   Thumb Code   578  stm32f4xx_hal_uart.o(i.HAL_UART_IRQHandler)
    HAL_UART_Init                            0x08002bf5   Thumb Code   102  stm32f4xx_hal_uart.o(i.HAL_UART_Init)
    HAL_UART_MspInit                         0x08002c5d   Thumb Code   158  usart.o(i.HAL_UART_MspInit)
    HAL_UART_RxCpltCallback                  0x08002d11   Thumb Code     2  stm32f4xx_hal_uart.o(i.HAL_UART_RxCpltCallback)
    HAL_UART_TxCpltCallback                  0x08002d13   Thumb Code     2  stm32f4xx_hal_uart.o(i.HAL_UART_TxCpltCallback)
    HardFault_Handler                        0x08002d15   Thumb Code     2  stm32f4xx_it.o(i.HardFault_Handler)
    Init_InitAll                             0x08002d19   Thumb Code    30  app_init.o(i.Init_InitAll)
    MX_CAN1_Init                             0x08002d41   Thumb Code    60  can.o(i.MX_CAN1_Init)
    MX_CAN2_Init                             0x08002d85   Thumb Code    60  can.o(i.MX_CAN2_Init)
    MX_DMA_Init                              0x08002dc9   Thumb Code    40  dma.o(i.MX_DMA_Init)
    MX_FREERTOS_Init                         0x08002df5   Thumb Code    52  freertos.o(i.MX_FREERTOS_Init)
    MX_GPIO_Init                             0x08002e31   Thumb Code   134  gpio.o(i.MX_GPIO_Init)
    MX_TIM4_Init                             0x08002ec1   Thumb Code   142  tim.o(i.MX_TIM4_Init)
    MX_USART3_UART_Init                      0x08002f59   Thumb Code    50  usart.o(i.MX_USART3_UART_Init)
    Math_Differential                        0x08002f99   Thumb Code    72  alg_math.o(i.Math_Differential)
    MemManage_Handler                        0x08002fe1   Thumb Code     2  stm32f4xx_it.o(i.MemManage_Handler)
    Motor_EncoderDecodeCallback              0x08002fe5   Thumb Code    82  drv_motor.o(i.Motor_EncoderDecodeCallback)
    Motor_GetMotorOutput                     0x0800303d   Thumb Code    58  drv_motor.o(i.Motor_GetMotorOutput)
    Motor_InitAllMotors                      0x0800307d   Thumb Code   308  drv_motor.o(i.Motor_InitAllMotors)
    Motor_InitMotor                          0x080031cd   Thumb Code    44  drv_motor.o(i.Motor_InitMotor)
    Motor_InitMotorGroup                     0x080031fd   Thumb Code    52  drv_motor.o(i.Motor_InitMotorGroup)
    Motor_SendMotorGroupOutput               0x08003231   Thumb Code   122  drv_motor.o(i.Motor_SendMotorGroupOutput)
    Motor_SetMotorOutput                     0x080032ab   Thumb Code     6  drv_motor.o(i.Motor_SetMotorOutput)
    NMI_Handler                              0x080032b1   Thumb Code     2  stm32f4xx_it.o(i.NMI_Handler)
    PID_CalcPID                              0x080032b3   Thumb Code   752  alg_pid.o(i.PID_CalcPID)
    PID_GetPIDOutput                         0x080035a3   Thumb Code     6  alg_pid.o(i.PID_GetPIDOutput)
    PID_InitPIDParam                         0x080035a9   Thumb Code   114  alg_pid.o(i.PID_InitPIDParam)
    PID_SetPIDFdb                            0x0800361b   Thumb Code     6  alg_pid.o(i.PID_SetPIDFdb)
    PID_SetPIDRef                            0x08003621   Thumb Code     6  alg_pid.o(i.PID_SetPIDRef)
    Remote_CancelChannelOffset               0x08003629   Thumb Code    10  drv_remote.o(i.Remote_CancelChannelOffset)
    Remote_ChissisProcess                    0x08003639   Thumb Code   142  app_remote.o(i.Remote_ChissisProcess)
    Remote_ControlCom                        0x080036d1   Thumb Code   136  app_remote.o(i.Remote_ControlCom)
    Remote_DecodeRemoteData                  0x08003761   Thumb Code   226  drv_remote.o(i.Remote_DecodeRemoteData)
    Remote_GetRemoteDataPtr                  0x08003845   Thumb Code     4  drv_remote.o(i.Remote_GetRemoteDataPtr)
    Remote_InitRemote                        0x0800384d   Thumb Code    86  drv_remote.o(i.Remote_InitRemote)
    Remote_IsRemoteError                     0x080038ad   Thumb Code    56  drv_remote.o(i.Remote_IsRemoteError)
    Remote_RXCallback                        0x080038e5   Thumb Code    60  drv_remote.o(i.Remote_RXCallback)
    Remote_ResetRemoteData                   0x08003929   Thumb Code    44  drv_remote.o(i.Remote_ResetRemoteData)
    Remote_Task                              0x08003955   Thumb Code    12  app_remote.o(i.Remote_Task)
    Remote_ToSwitchState                     0x08003961   Thumb Code     2  drv_remote.o(i.Remote_ToSwitchState)
    SysTick_Handler                          0x08003965   Thumb Code    38  port.o(i.SysTick_Handler)
    SystemClock_Config                       0x08003991   Thumb Code   140  main.o(i.SystemClock_Config)
    SystemInit                               0x08003a25   Thumb Code    12  system_stm32f4xx.o(i.SystemInit)
    TIM6_DAC_IRQHandler                      0x08003a35   Thumb Code     6  stm32f4xx_it.o(i.TIM6_DAC_IRQHandler)
    TIM_Base_SetConfig                       0x08003a41   Thumb Code   168  stm32f4xx_hal_tim.o(i.TIM_Base_SetConfig)
    TIM_CCxChannelCmd                        0x08003b15   Thumb Code    26  stm32f4xx_hal_tim.o(i.TIM_CCxChannelCmd)
    TIM_ETR_SetConfig                        0x08003b2f   Thumb Code    20  stm32f4xx_hal_tim.o(i.TIM_ETR_SetConfig)
    TIM_OC2_SetConfig                        0x08003bbd   Thumb Code   106  stm32f4xx_hal_tim.o(i.TIM_OC2_SetConfig)
    USART3_IRQHandler                        0x08003fed   Thumb Code    18  stm32f4xx_it.o(i.USART3_IRQHandler)
    Uart_RxIdleCallback                      0x08004005   Thumb Code    32  stm32f4xx_it.o(i.Uart_RxIdleCallback)
    UsageFault_Handler                       0x08004025   Thumb Code     2  stm32f4xx_it.o(i.UsageFault_Handler)
    arm_cos_f32                              0x08004049   Thumb Code   124  fastmathfunctions.o(i.arm_cos_f32)
    arm_sin_f32                              0x080040d1   Thumb Code   120  fastmathfunctions.o(i.arm_sin_f32)
    gm6020_encoder_callback                  0x08004155   Thumb Code   274  drv_motor.o(i.gm6020_encoder_callback)
    main                                     0x08004275   Thumb Code    60  main.o(i.main)
    osDelay                                  0x080042c1   Thumb Code    16  cmsis_os.o(i.osDelay)
    osKernelStart                            0x080042d1   Thumb Code    10  cmsis_os.o(i.osKernelStart)
    osThreadCreate                           0x080042db   Thumb Code    88  cmsis_os.o(i.osThreadCreate)
    pvPortMalloc                             0x080046ad   Thumb Code   214  heap_4.o(i.pvPortMalloc)
    pxPortInitialiseStack                    0x08004789   Thumb Code    30  port.o(i.pxPortInitialiseStack)
    rm2006_encoder_callback                  0x080047ad   Thumb Code   370  drv_motor.o(i.rm2006_encoder_callback)
    rm3508_encoder_callback                  0x08004939   Thumb Code   374  drv_motor.o(i.rm3508_encoder_callback)
    uxListRemove                             0x08004ac1   Thumb Code    38  list.o(i.uxListRemove)
    vApplicationGetIdleTaskMemory            0x08004ae9   Thumb Code    16  freertos.o(i.vApplicationGetIdleTaskMemory)
    vListInitialise                          0x08004afd   Thumb Code    22  list.o(i.vListInitialise)
    vListInitialiseItem                      0x08004b13   Thumb Code     6  list.o(i.vListInitialiseItem)
    vListInsert                              0x08004b19   Thumb Code    48  list.o(i.vListInsert)
    vListInsertEnd                           0x08004b49   Thumb Code    24  list.o(i.vListInsertEnd)
    vPortEnterCritical                       0x08004b61   Thumb Code    54  port.o(i.vPortEnterCritical)
    vPortExitCritical                        0x08004ba1   Thumb Code    38  port.o(i.vPortExitCritical)
    vPortFree                                0x08004bcd   Thumb Code    94  heap_4.o(i.vPortFree)
    vPortSetupTimerInterrupt                 0x08004c31   Thumb Code    32  port.o(i.vPortSetupTimerInterrupt)
    vTaskDelay                               0x08004c55   Thumb Code    70  tasks.o(i.vTaskDelay)
    vTaskStartScheduler                      0x08004ca5   Thumb Code   118  tasks.o(i.vTaskStartScheduler)
    vTaskSuspendAll                          0x08004d2d   Thumb Code    10  tasks.o(i.vTaskSuspendAll)
    vTaskSwitchContext                       0x08004d3d   Thumb Code    86  tasks.o(i.vTaskSwitchContext)
    xPortStartScheduler                      0x08004d9d   Thumb Code   222  port.o(i.xPortStartScheduler)
    xTaskCreate                              0x08004e91   Thumb Code   100  tasks.o(i.xTaskCreate)
    xTaskCreateStatic                        0x08004ef5   Thumb Code    92  tasks.o(i.xTaskCreateStatic)
    xTaskIncrementTick                       0x08004f51   Thumb Code   198  tasks.o(i.xTaskIncrementTick)
    xTaskResumeAll                           0x08005021   Thumb Code   192  tasks.o(i.xTaskResumeAll)
    _fp_init                                 0x080050ed   Thumb Code    10  fpinit.o(x$fpl$fpinit)
    __fplib_config_fpu_vfp                   0x080050f5   Thumb Code     0  fpinit.o(x$fpl$fpinit)
    __fplib_config_pureend_doubles           0x080050f5   Thumb Code     0  fpinit.o(x$fpl$fpinit)
    AHBPrescTable                            0x08005138   Data          16  system_stm32f4xx.o(.constdata)
    APBPrescTable                            0x08005148   Data           8  system_stm32f4xx.o(.constdata)
    REMOTE_CHASSIS_VX_GAIN                   0x08005150   Data           4  sys_const.o(.constdata)
    REMOTE_CHASSIS_VY_GAIN                   0x08005154   Data           4  sys_const.o(.constdata)
    REMOTE_CHASSIS_SEP_WZ_GAIN               0x08005158   Data           4  sys_const.o(.constdata)
    REMOTE_CHASSIS_FOLLOW_WZ_GAIN            0x0800515c   Data           4  sys_const.o(.constdata)
    REMOTE_CHASSIS_XTL_WZ_GAIN               0x08005160   Data           4  sys_const.o(.constdata)
    Const_ChassisFontRightAngParam           0x08005164   Data          80  sys_const.o(.constdata)
    Const_ChassisFontRightSpdParam           0x080051b4   Data          80  sys_const.o(.constdata)
    Const_ChassisFontLeftAngParam            0x08005204   Data          80  sys_const.o(.constdata)
    Const_ChassisFontLeftSpdParam            0x08005254   Data          80  sys_const.o(.constdata)
    Const_ChassisBackLeftAngParam            0x080052a4   Data          80  sys_const.o(.constdata)
    Const_ChassisBackLeftSpdParam            0x080052f4   Data          80  sys_const.o(.constdata)
    Const_ChassisBackRightAngParam           0x08005344   Data          80  sys_const.o(.constdata)
    Const_ChassisBackRightSpdParam           0x08005394   Data          80  sys_const.o(.constdata)
    sinTable_f32                             0x080053e4   Data        2052  commontables.o(.constdata)
    Region$$Table$$Base                      0x08005c08   Number         0  anon$$obj.o(Region$$Table)
    Region$$Table$$Limit                     0x08005c28   Number         0  anon$$obj.o(Region$$Table)
    Remote_TaskHandHandle                    0x20000000   Data           4  freertos.o(.data)
    Chassis_TaskHanHandle                    0x20000004   Data           4  freertos.o(.data)
    uwTickFreq                               0x2000000c   Data           1  stm32f4xx_hal.o(.data)
    uwTickPrio                               0x20000010   Data           4  stm32f4xx_hal.o(.data)
    uwTick                                   0x20000014   Data           4  stm32f4xx_hal.o(.data)
    SystemCoreClock                          0x20000018   Data           4  system_stm32f4xx.o(.data)
    Frequency                                0x2000001c   Data           4  app_remote.o(.data)
    CLOCK                                    0x20000020   Data           4  app_remote.o(.data)
    testdata                                 0x20000024   Data           4  app_remote.o(.data)
    i                                        0x20000028   Data           4  app_remote.o(.data)
    notes                                    0x2000002c   Data         248  app_remote.o(.data)
    duration                                 0x20000124   Data         248  app_remote.o(.data)
    Const_Remote_UART_HANDLER                0x2000021c   Data           4  drv_remote.o(.data)
    test_len                                 0x20000220   Data           4  drv_remote.o(.data)
    pxCurrentTCB                             0x20000224   Data           4  tasks.o(.data)
    hcan1                                    0x200004e0   Data          40  can.o(.bss)
    hcan2                                    0x20000508   Data          40  can.o(.bss)
    htim4                                    0x20000530   Data          72  tim.o(.bss)
    huart3                                   0x20000578   Data          72  usart.o(.bss)
    hdma_usart3_rx                           0x200005c0   Data          96  usart.o(.bss)
    htim6                                    0x20000620   Data          72  stm32f4xx_hal_timebase_tim.o(.bss)
    Motor_groupHandle                        0x20000668   Data          12  drv_motor.o(.bss)
    Motor_ChassisMotors                      0x20000674   Data          52  drv_motor.o(.bss)
    Motor_PitchMotors                        0x200006a8   Data          52  drv_motor.o(.bss)
    Motor_ShootMotors                        0x200006dc   Data          52  drv_motor.o(.bss)
    Motor_PitchMotor                         0x20000710   Data          80  drv_motor.o(.bss)
    Motor_YawMotor                           0x20000760   Data          80  drv_motor.o(.bss)
    Motor_ShootLeftMotor                     0x200007b0   Data          80  drv_motor.o(.bss)
    Motor_ShootRightMotor                    0x20000800   Data          80  drv_motor.o(.bss)
    Motor_FeedMotor                          0x20000850   Data          80  drv_motor.o(.bss)
    Motor_ChassisFontRightMotor              0x200008a0   Data          80  drv_motor.o(.bss)
    Motor_ChassisFontLeftMotor               0x200008f0   Data          80  drv_motor.o(.bss)
    Motor_ChassisBackLeftMotor               0x20000940   Data          80  drv_motor.o(.bss)
    Motor_ChassisBackRightMotor              0x20000990   Data          80  drv_motor.o(.bss)
    Remote_RxData                            0x200009e0   Data          54  drv_remote.o(.bss)
    Remote_RemoteData                        0x20000a18   Data          44  drv_remote.o(.bss)
    Can_RxHeader                             0x20000a44   Data          28  bsp_can.o(.bss)
    Can_RxData                               0x20000a60   Data         200  bsp_can.o(.bss)
    Chassis_ControlData                      0x20000b28   Data        1136  module_chassis.o(.bss)
    Chassis_StatusData                       0x20000f98   Data          40  module_chassis.o(.bss)
    __libspace_start                         0x20004cb0   Data          96  libspace.o(.bss)
    __temporary_stack_top$libspace           0x20004d10   Data           0  libspace.o(.bss)



==============================================================================

Memory Map of the image

  Image Entry point : 0x08000189

  Load Region LR_IROM1 (Base: 0x08000000, Size: 0x00005eb4, Max: 0x00100000, ABSOLUTE, COMPRESSED[0x00005cb4])

    Execution Region ER_IROM1 (Exec base: 0x08000000, Load base: 0x08000000, Size: 0x00005c28, Max: 0x00100000, ABSOLUTE)

    Exec Addr    Load Addr    Size         Type   Attr      Idx    E Section Name        Object

    0x08000000   0x08000000   0x00000188   Data   RO            3    RESET               startup_stm32f407xx.o
    0x08000188   0x08000188   0x00000008   Code   RO        11828  * !!!main             c_w.l(__main.o)
    0x08000190   0x08000190   0x00000034   Code   RO        12208    !!!scatter          c_w.l(__scatter.o)
    0x080001c4   0x080001c4   0x0000005a   Code   RO        12206    !!dczerorl2         c_w.l(__dczerorl2.o)
    0x0800021e   0x0800021e   0x00000002   PAD
    0x08000220   0x08000220   0x0000001c   Code   RO        12210    !!handler_zi        c_w.l(__scatter_zi.o)
    0x0800023c   0x0800023c   0x00000002   Code   RO        12079    .ARM.Collect$$libinit$$00000000  c_w.l(libinit.o)
    0x0800023e   0x0800023e   0x00000004   Code   RO        12088    .ARM.Collect$$libinit$$00000001  c_w.l(libinit2.o)
    0x08000242   0x08000242   0x00000000   Code   RO        12091    .ARM.Collect$$libinit$$00000004  c_w.l(libinit2.o)
    0x08000242   0x08000242   0x00000000   Code   RO        12094    .ARM.Collect$$libinit$$0000000A  c_w.l(libinit2.o)
    0x08000242   0x08000242   0x00000000   Code   RO        12096    .ARM.Collect$$libinit$$0000000C  c_w.l(libinit2.o)
    0x08000242   0x08000242   0x00000000   Code   RO        12098    .ARM.Collect$$libinit$$0000000E  c_w.l(libinit2.o)
    0x08000242   0x08000242   0x00000000   Code   RO        12101    .ARM.Collect$$libinit$$00000011  c_w.l(libinit2.o)
    0x08000242   0x08000242   0x00000000   Code   RO        12103    .ARM.Collect$$libinit$$00000013  c_w.l(libinit2.o)
    0x08000242   0x08000242   0x00000000   Code   RO        12105    .ARM.Collect$$libinit$$00000015  c_w.l(libinit2.o)
    0x08000242   0x08000242   0x00000000   Code   RO        12107    .ARM.Collect$$libinit$$00000017  c_w.l(libinit2.o)
    0x08000242   0x08000242   0x00000000   Code   RO        12109    .ARM.Collect$$libinit$$00000019  c_w.l(libinit2.o)
    0x08000242   0x08000242   0x00000000   Code   RO        12111    .ARM.Collect$$libinit$$0000001B  c_w.l(libinit2.o)
    0x08000242   0x08000242   0x00000000   Code   RO        12113    .ARM.Collect$$libinit$$0000001D  c_w.l(libinit2.o)
    0x08000242   0x08000242   0x00000000   Code   RO        12115    .ARM.Collect$$libinit$$0000001F  c_w.l(libinit2.o)
    0x08000242   0x08000242   0x00000000   Code   RO        12117    .ARM.Collect$$libinit$$00000021  c_w.l(libinit2.o)
    0x08000242   0x08000242   0x00000000   Code   RO        12119    .ARM.Collect$$libinit$$00000023  c_w.l(libinit2.o)
    0x08000242   0x08000242   0x00000000   Code   RO        12121    .ARM.Collect$$libinit$$00000025  c_w.l(libinit2.o)
    0x08000242   0x08000242   0x00000000   Code   RO        12125    .ARM.Collect$$libinit$$0000002C  c_w.l(libinit2.o)
    0x08000242   0x08000242   0x00000000   Code   RO        12127    .ARM.Collect$$libinit$$0000002E  c_w.l(libinit2.o)
    0x08000242   0x08000242   0x00000000   Code   RO        12129    .ARM.Collect$$libinit$$00000030  c_w.l(libinit2.o)
    0x08000242   0x08000242   0x00000000   Code   RO        12131    .ARM.Collect$$libinit$$00000032  c_w.l(libinit2.o)
    0x08000242   0x08000242   0x00000002   Code   RO        12132    .ARM.Collect$$libinit$$00000033  c_w.l(libinit2.o)
    0x08000244   0x08000244   0x00000002   Code   RO        12163    .ARM.Collect$$libshutdown$$00000000  c_w.l(libshutdown.o)
    0x08000246   0x08000246   0x00000000   Code   RO        12189    .ARM.Collect$$libshutdown$$00000002  c_w.l(libshutdown2.o)
    0x08000246   0x08000246   0x00000000   Code   RO        12191    .ARM.Collect$$libshutdown$$00000004  c_w.l(libshutdown2.o)
    0x08000246   0x08000246   0x00000000   Code   RO        12194    .ARM.Collect$$libshutdown$$00000007  c_w.l(libshutdown2.o)
    0x08000246   0x08000246   0x00000000   Code   RO        12197    .ARM.Collect$$libshutdown$$0000000A  c_w.l(libshutdown2.o)
    0x08000246   0x08000246   0x00000000   Code   RO        12199    .ARM.Collect$$libshutdown$$0000000C  c_w.l(libshutdown2.o)
    0x08000246   0x08000246   0x00000000   Code   RO        12202    .ARM.Collect$$libshutdown$$0000000F  c_w.l(libshutdown2.o)
    0x08000246   0x08000246   0x00000002   Code   RO        12203    .ARM.Collect$$libshutdown$$00000010  c_w.l(libshutdown2.o)
    0x08000248   0x08000248   0x00000000   Code   RO        11984    .ARM.Collect$$rtentry$$00000000  c_w.l(__rtentry.o)
    0x08000248   0x08000248   0x00000000   Code   RO        12042    .ARM.Collect$$rtentry$$00000002  c_w.l(__rtentry2.o)
    0x08000248   0x08000248   0x00000006   Code   RO        12054    .ARM.Collect$$rtentry$$00000004  c_w.l(__rtentry4.o)
    0x0800024e   0x0800024e   0x00000000   Code   RO        12044    .ARM.Collect$$rtentry$$00000009  c_w.l(__rtentry2.o)
    0x0800024e   0x0800024e   0x00000004   Code   RO        12045    .ARM.Collect$$rtentry$$0000000A  c_w.l(__rtentry2.o)
    0x08000252   0x08000252   0x00000000   Code   RO        12047    .ARM.Collect$$rtentry$$0000000C  c_w.l(__rtentry2.o)
    0x08000252   0x08000252   0x00000008   Code   RO        12048    .ARM.Collect$$rtentry$$0000000D  c_w.l(__rtentry2.o)
    0x0800025a   0x0800025a   0x00000002   Code   RO        12080    .ARM.Collect$$rtexit$$00000000  c_w.l(rtexit.o)
    0x0800025c   0x0800025c   0x00000000   Code   RO        12136    .ARM.Collect$$rtexit$$00000002  c_w.l(rtexit2.o)
    0x0800025c   0x0800025c   0x00000004   Code   RO        12137    .ARM.Collect$$rtexit$$00000003  c_w.l(rtexit2.o)
    0x08000260   0x08000260   0x00000006   Code   RO        12138    .ARM.Collect$$rtexit$$00000004  c_w.l(rtexit2.o)
    0x08000266   0x08000266   0x00000002   PAD
    0x08000268   0x08000268   0x000000be   Code   RO         5462    .emb_text           port.o
    0x08000326   0x08000326   0x00000002   PAD
    0x08000328   0x08000328   0x00000040   Code   RO            4    .text               startup_stm32f407xx.o
    0x08000368   0x08000368   0x000000ee   Code   RO        11808    .text               c_w.l(lludivv7m.o)
    0x08000456   0x08000456   0x00000064   Code   RO        11818    .text               c_w.l(rt_memcpy_w.o)
    0x080004ba   0x080004ba   0x0000004e   Code   RO        11824    .text               c_w.l(rt_memclr_w.o)
    0x08000508   0x08000508   0x00000006   Code   RO        11826    .text               c_w.l(heapauxi.o)
    0x0800050e   0x0800050e   0x00000002   PAD
    0x08000510   0x08000510   0x00000008   Code   RO        12063    .text               c_w.l(libspace.o)
    0x08000518   0x08000518   0x0000004a   Code   RO        12066    .text               c_w.l(sys_stackheap_outer.o)
    0x08000562   0x08000562   0x00000012   Code   RO        12068    .text               c_w.l(exit.o)
    0x08000574   0x08000574   0x0000000c   Code   RO        12133    .text               c_w.l(sys_exit.o)
    0x08000580   0x08000580   0x00000002   Code   RO        12152    .text               c_w.l(use_no_semi.o)
    0x08000582   0x08000582   0x00000000   Code   RO        12154    .text               c_w.l(indicate_semi.o)
    0x08000582   0x08000582   0x00000002   Code   RO          567    i.BusFault_Handler  stm32f4xx_it.o
    0x08000584   0x08000584   0x0000000c   Code   RO          568    i.CAN1_RX0_IRQHandler  stm32f4xx_it.o
    0x08000590   0x08000590   0x0000000c   Code   RO          569    i.CAN2_RX0_IRQHandler  stm32f4xx_it.o
    0x0800059c   0x0800059c   0x00000002   Code   RO         4058    i.Can_ErrorHandler  bsp_can.o
    0x0800059e   0x0800059e   0x00000002   PAD
    0x080005a0   0x080005a0   0x0000005c   Code   RO         4059    i.Can_InitFilterAndStart  bsp_can.o
    0x080005fc   0x080005fc   0x00000010   Code   RO         4060    i.Can_InitTxHeader  bsp_can.o
    0x0800060c   0x0800060c   0x0000003c   Code   RO         4061    i.Can_RxMessageCallback  bsp_can.o
    0x08000648   0x08000648   0x00000012   Code   RO         4062    i.Can_SendMessage   bsp_can.o
    0x0800065a   0x0800065a   0x00000002   PAD
    0x0800065c   0x0800065c   0x00000008   Code   RO         4113    i.Chassis_ChassisPtr  module_chassis.o
    0x08000664   0x08000664   0x00000100   Code   RO         4114    i.Chassis_Control   module_chassis.o
    0x08000764   0x08000764   0x00000218   Code   RO         4115    i.Chassis_InitChassis  module_chassis.o
    0x0800097c   0x0800097c   0x00000030   Code   RO         4116    i.Chassis_Output    module_chassis.o
    0x080009ac   0x080009ac   0x0000000c   Code   RO         4117    i.Chassis_SetChassisMode  module_chassis.o
    0x080009b8   0x080009b8   0x000002a0   Code   RO         4118    i.Chassis_SetChassisRef  module_chassis.o
    0x08000c58   0x08000c58   0x00000008   Code   RO         4119    i.Chassis_StatusPtr  module_chassis.o
    0x08000c60   0x08000c60   0x00000010   Code   RO         3584    i.Chassis_Task      app_chassis.o
    0x08000c70   0x08000c70   0x0000000c   Code   RO          570    i.DMA1_Stream1_IRQHandler  stm32f4xx_it.o
    0x08000c7c   0x08000c7c   0x0000002c   Code   RO         2458    i.DMA_CalcBaseAndBitshift  stm32f4xx_hal_dma.o
    0x08000ca8   0x08000ca8   0x00000078   Code   RO         2459    i.DMA_CheckFifoParam  stm32f4xx_hal_dma.o
    0x08000d20   0x08000d20   0x0000002a   Code   RO         2460    i.DMA_SetConfig     stm32f4xx_hal_dma.o
    0x08000d4a   0x08000d4a   0x00000002   Code   RO          571    i.DebugMon_Handler  stm32f4xx_it.o
    0x08000d4c   0x08000d4c   0x00000004   Code   RO           13    i.Error_Handler     main.o
    0x08000d50   0x08000d50   0x00000040   Code   RO         3868    i.Filter_LowPass    alg_filter.o
    0x08000d90   0x08000d90   0x00000006   Code   RO         3869    i.Filter_LowPassInit  alg_filter.o
    0x08000d96   0x08000d96   0x00000006   Code   RO         3781    i.Get_DMACurrentDataCounter  drv_remote.o
    0x08000d9c   0x08000d9c   0x00000024   Code   RO         1721    i.HAL_CAN_ActivateNotification  stm32f4xx_hal_can.o
    0x08000dc0   0x08000dc0   0x000000e2   Code   RO         1722    i.HAL_CAN_AddTxMessage  stm32f4xx_hal_can.o
    0x08000ea2   0x08000ea2   0x00000002   PAD
    0x08000ea4   0x08000ea4   0x00000110   Code   RO         1723    i.HAL_CAN_ConfigFilter  stm32f4xx_hal_can.o
    0x08000fb4   0x08000fb4   0x00000002   Code   RO         1726    i.HAL_CAN_ErrorCallback  stm32f4xx_hal_can.o
    0x08000fb6   0x08000fb6   0x00000112   Code   RO         1729    i.HAL_CAN_GetRxMessage  stm32f4xx_hal_can.o
    0x080010c8   0x080010c8   0x000001fc   Code   RO         1733    i.HAL_CAN_IRQHandler  stm32f4xx_hal_can.o
    0x080012c4   0x080012c4   0x00000152   Code   RO         1734    i.HAL_CAN_Init      stm32f4xx_hal_can.o
    0x08001416   0x08001416   0x00000002   PAD
    0x08001418   0x08001418   0x00000100   Code   RO          405    i.HAL_CAN_MspInit   can.o
    0x08001518   0x08001518   0x00000002   Code   RO         1741    i.HAL_CAN_RxFifo0FullCallback  stm32f4xx_hal_can.o
    0x0800151a   0x0800151a   0x00000002   PAD
    0x0800151c   0x0800151c   0x0000002c   Code   RO          572    i.HAL_CAN_RxFifo0MsgPendingCallback  stm32f4xx_it.o
    0x08001548   0x08001548   0x00000002   Code   RO         1743    i.HAL_CAN_RxFifo1FullCallback  stm32f4xx_hal_can.o
    0x0800154a   0x0800154a   0x00000002   PAD
    0x0800154c   0x0800154c   0x0000002c   Code   RO          573    i.HAL_CAN_RxFifo1MsgPendingCallback  stm32f4xx_it.o
    0x08001578   0x08001578   0x00000002   Code   RO         1745    i.HAL_CAN_SleepCallback  stm32f4xx_hal_can.o
    0x0800157a   0x0800157a   0x00000058   Code   RO         1746    i.HAL_CAN_Start     stm32f4xx_hal_can.o
    0x080015d2   0x080015d2   0x00000002   Code   RO         1748    i.HAL_CAN_TxMailbox0AbortCallback  stm32f4xx_hal_can.o
    0x080015d4   0x080015d4   0x00000002   Code   RO         1749    i.HAL_CAN_TxMailbox0CompleteCallback  stm32f4xx_hal_can.o
    0x080015d6   0x080015d6   0x00000002   Code   RO         1750    i.HAL_CAN_TxMailbox1AbortCallback  stm32f4xx_hal_can.o
    0x080015d8   0x080015d8   0x00000002   Code   RO         1751    i.HAL_CAN_TxMailbox1CompleteCallback  stm32f4xx_hal_can.o
    0x080015da   0x080015da   0x00000002   Code   RO         1752    i.HAL_CAN_TxMailbox2AbortCallback  stm32f4xx_hal_can.o
    0x080015dc   0x080015dc   0x00000002   Code   RO         1753    i.HAL_CAN_TxMailbox2CompleteCallback  stm32f4xx_hal_can.o
    0x080015de   0x080015de   0x00000002   Code   RO         1755    i.HAL_CAN_WakeUpFromRxMsgCallback  stm32f4xx_hal_can.o
    0x080015e0   0x080015e0   0x0000008e   Code   RO         2461    i.HAL_DMA_Abort     stm32f4xx_hal_dma.o
    0x0800166e   0x0800166e   0x00000024   Code   RO         2462    i.HAL_DMA_Abort_IT  stm32f4xx_hal_dma.o
    0x08001692   0x08001692   0x00000002   PAD
    0x08001694   0x08001694   0x000001d0   Code   RO         2466    i.HAL_DMA_IRQHandler  stm32f4xx_hal_dma.o
    0x08001864   0x08001864   0x000000d4   Code   RO         2467    i.HAL_DMA_Init      stm32f4xx_hal_dma.o
    0x08001938   0x08001938   0x00000046   Code   RO         2470    i.HAL_DMA_Start     stm32f4xx_hal_dma.o
    0x0800197e   0x0800197e   0x00000002   PAD
    0x08001980   0x08001980   0x000001d0   Code   RO         2354    i.HAL_GPIO_Init     stm32f4xx_hal_gpio.o
    0x08001b50   0x08001b50   0x0000000e   Code   RO         2358    i.HAL_GPIO_WritePin  stm32f4xx_hal_gpio.o
    0x08001b5e   0x08001b5e   0x00000002   PAD
    0x08001b60   0x08001b60   0x0000000c   Code   RO         2904    i.HAL_GetTick       stm32f4xx_hal.o
    0x08001b6c   0x08001b6c   0x00000010   Code   RO         2910    i.HAL_IncTick       stm32f4xx_hal.o
    0x08001b7c   0x08001b7c   0x00000034   Code   RO         2911    i.HAL_Init          stm32f4xx_hal.o
    0x08001bb0   0x08001bb0   0x00000098   Code   RO          697    i.HAL_InitTick      stm32f4xx_hal_timebase_tim.o
    0x08001c48   0x08001c48   0x00000038   Code   RO          673    i.HAL_MspInit       stm32f4xx_hal_msp.o
    0x08001c80   0x08001c80   0x0000001a   Code   RO         2746    i.HAL_NVIC_EnableIRQ  stm32f4xx_hal_cortex.o
    0x08001c9a   0x08001c9a   0x00000002   PAD
    0x08001c9c   0x08001c9c   0x00000040   Code   RO         2752    i.HAL_NVIC_SetPriority  stm32f4xx_hal_cortex.o
    0x08001cdc   0x08001cdc   0x00000024   Code   RO         2753    i.HAL_NVIC_SetPriorityGrouping  stm32f4xx_hal_cortex.o
    0x08001d00   0x08001d00   0x0000014c   Code   RO         1955    i.HAL_RCC_ClockConfig  stm32f4xx_hal_rcc.o
    0x08001e4c   0x08001e4c   0x0000003c   Code   RO         1959    i.HAL_RCC_GetClockConfig  stm32f4xx_hal_rcc.o
    0x08001e88   0x08001e88   0x0000000c   Code   RO         1960    i.HAL_RCC_GetHCLKFreq  stm32f4xx_hal_rcc.o
    0x08001e94   0x08001e94   0x00000020   Code   RO         1962    i.HAL_RCC_GetPCLK1Freq  stm32f4xx_hal_rcc.o
    0x08001eb4   0x08001eb4   0x00000020   Code   RO         1963    i.HAL_RCC_GetPCLK2Freq  stm32f4xx_hal_rcc.o
    0x08001ed4   0x08001ed4   0x0000006c   Code   RO         1964    i.HAL_RCC_GetSysClockFreq  stm32f4xx_hal_rcc.o
    0x08001f40   0x08001f40   0x000003c0   Code   RO         1967    i.HAL_RCC_OscConfig  stm32f4xx_hal_rcc.o
    0x08002300   0x08002300   0x00000002   Code   RO         1453    i.HAL_TIMEx_BreakCallback  stm32f4xx_hal_tim_ex.o
    0x08002302   0x08002302   0x00000002   Code   RO         1454    i.HAL_TIMEx_CommutCallback  stm32f4xx_hal_tim_ex.o
    0x08002304   0x08002304   0x00000090   Code   RO         1472    i.HAL_TIMEx_MasterConfigSynchronization  stm32f4xx_hal_tim_ex.o
    0x08002394   0x08002394   0x0000004a   Code   RO          738    i.HAL_TIM_Base_Init  stm32f4xx_hal_tim.o
    0x080023de   0x080023de   0x00000002   PAD
    0x080023e0   0x080023e0   0x00000028   Code   RO          478    i.HAL_TIM_Base_MspInit  tim.o
    0x08002408   0x08002408   0x00000080   Code   RO          741    i.HAL_TIM_Base_Start  stm32f4xx_hal_tim.o
    0x08002488   0x08002488   0x0000008c   Code   RO          743    i.HAL_TIM_Base_Start_IT  stm32f4xx_hal_tim.o
    0x08002514   0x08002514   0x000000e8   Code   RO          747    i.HAL_TIM_ConfigClockSource  stm32f4xx_hal_tim.o
    0x080025fc   0x080025fc   0x00000002   Code   RO          772    i.HAL_TIM_IC_CaptureCallback  stm32f4xx_hal_tim.o
    0x080025fe   0x080025fe   0x00000138   Code   RO          786    i.HAL_TIM_IRQHandler  stm32f4xx_hal_tim.o
    0x08002736   0x08002736   0x00000002   PAD
    0x08002738   0x08002738   0x00000054   Code   RO          479    i.HAL_TIM_MspPostInit  tim.o
    0x0800278c   0x0800278c   0x00000002   Code   RO          789    i.HAL_TIM_OC_DelayElapsedCallback  stm32f4xx_hal_tim.o
    0x0800278e   0x0800278e   0x000000d8   Code   RO          810    i.HAL_TIM_PWM_ConfigChannel  stm32f4xx_hal_tim.o
    0x08002866   0x08002866   0x0000004a   Code   RO          813    i.HAL_TIM_PWM_Init  stm32f4xx_hal_tim.o
    0x080028b0   0x080028b0   0x00000002   Code   RO          815    i.HAL_TIM_PWM_MspInit  stm32f4xx_hal_tim.o
    0x080028b2   0x080028b2   0x00000002   Code   RO          816    i.HAL_TIM_PWM_PulseFinishedCallback  stm32f4xx_hal_tim.o
    0x080028b4   0x080028b4   0x000000dc   Code   RO          818    i.HAL_TIM_PWM_Start  stm32f4xx_hal_tim.o
    0x08002990   0x08002990   0x00000014   Code   RO           14    i.HAL_TIM_PeriodElapsedCallback  main.o
    0x080029a4   0x080029a4   0x00000002   Code   RO          829    i.HAL_TIM_TriggerCallback  stm32f4xx_hal_tim.o
    0x080029a6   0x080029a6   0x00000002   Code   RO         3161    i.HAL_UARTEx_RxEventCallback  stm32f4xx_hal_uart.o
    0x080029a8   0x080029a8   0x00000002   Code   RO         3175    i.HAL_UART_ErrorCallback  stm32f4xx_hal_uart.o
    0x080029aa   0x080029aa   0x00000002   PAD
    0x080029ac   0x080029ac   0x00000248   Code   RO         3178    i.HAL_UART_IRQHandler  stm32f4xx_hal_uart.o
    0x08002bf4   0x08002bf4   0x00000066   Code   RO         3179    i.HAL_UART_Init     stm32f4xx_hal_uart.o
    0x08002c5a   0x08002c5a   0x00000002   PAD
    0x08002c5c   0x08002c5c   0x000000b4   Code   RO          526    i.HAL_UART_MspInit  usart.o
    0x08002d10   0x08002d10   0x00000002   Code   RO         3185    i.HAL_UART_RxCpltCallback  stm32f4xx_hal_uart.o
    0x08002d12   0x08002d12   0x00000002   Code   RO         3190    i.HAL_UART_TxCpltCallback  stm32f4xx_hal_uart.o
    0x08002d14   0x08002d14   0x00000002   Code   RO          574    i.HardFault_Handler  stm32f4xx_it.o
    0x08002d16   0x08002d16   0x00000002   PAD
    0x08002d18   0x08002d18   0x00000028   Code   RO         3560    i.Init_InitAll      app_init.o
    0x08002d40   0x08002d40   0x00000044   Code   RO          406    i.MX_CAN1_Init      can.o
    0x08002d84   0x08002d84   0x00000044   Code   RO          407    i.MX_CAN2_Init      can.o
    0x08002dc8   0x08002dc8   0x0000002c   Code   RO          453    i.MX_DMA_Init       dma.o
    0x08002df4   0x08002df4   0x0000003c   Code   RO          346    i.MX_FREERTOS_Init  freertos.o
    0x08002e30   0x08002e30   0x00000090   Code   RO          321    i.MX_GPIO_Init      gpio.o
    0x08002ec0   0x08002ec0   0x00000098   Code   RO          480    i.MX_TIM4_Init      tim.o
    0x08002f58   0x08002f58   0x00000040   Code   RO          527    i.MX_USART3_UART_Init  usart.o
    0x08002f98   0x08002f98   0x00000048   Code   RO         3911    i.Math_Differential  alg_math.o
    0x08002fe0   0x08002fe0   0x00000002   Code   RO          575    i.MemManage_Handler  stm32f4xx_it.o
    0x08002fe2   0x08002fe2   0x00000002   PAD
    0x08002fe4   0x08002fe4   0x00000058   Code   RO         3675    i.Motor_EncoderDecodeCallback  drv_motor.o
    0x0800303c   0x0800303c   0x00000040   Code   RO         3676    i.Motor_GetMotorOutput  drv_motor.o
    0x0800307c   0x0800307c   0x00000150   Code   RO         3677    i.Motor_InitAllMotors  drv_motor.o
    0x080031cc   0x080031cc   0x00000030   Code   RO         3678    i.Motor_InitMotor   drv_motor.o
    0x080031fc   0x080031fc   0x00000034   Code   RO         3679    i.Motor_InitMotorGroup  drv_motor.o
    0x08003230   0x08003230   0x0000007a   Code   RO         3680    i.Motor_SendMotorGroupOutput  drv_motor.o
    0x080032aa   0x080032aa   0x00000006   Code   RO         3681    i.Motor_SetMotorOutput  drv_motor.o
    0x080032b0   0x080032b0   0x00000002   Code   RO          576    i.NMI_Handler       stm32f4xx_it.o
    0x080032b2   0x080032b2   0x000002f0   Code   RO         3987    i.PID_CalcPID       alg_pid.o
    0x080035a2   0x080035a2   0x00000006   Code   RO         3990    i.PID_GetPIDOutput  alg_pid.o
    0x080035a8   0x080035a8   0x00000072   Code   RO         3992    i.PID_InitPIDParam  alg_pid.o
    0x0800361a   0x0800361a   0x00000006   Code   RO         3993    i.PID_SetPIDFdb     alg_pid.o
    0x08003620   0x08003620   0x00000006   Code   RO         3994    i.PID_SetPIDRef     alg_pid.o
    0x08003626   0x08003626   0x00000002   PAD
    0x08003628   0x08003628   0x00000010   Code   RO         3782    i.Remote_CancelChannelOffset  drv_remote.o
    0x08003638   0x08003638   0x00000098   Code   RO         3611    i.Remote_ChissisProcess  app_remote.o
    0x080036d0   0x080036d0   0x00000090   Code   RO         3612    i.Remote_ControlCom  app_remote.o
    0x08003760   0x08003760   0x000000e2   Code   RO         3783    i.Remote_DecodeRemoteData  drv_remote.o
    0x08003842   0x08003842   0x00000002   PAD
    0x08003844   0x08003844   0x00000008   Code   RO         3784    i.Remote_GetRemoteDataPtr  drv_remote.o
    0x0800384c   0x0800384c   0x00000060   Code   RO         3785    i.Remote_InitRemote  drv_remote.o
    0x080038ac   0x080038ac   0x00000038   Code   RO         3786    i.Remote_IsRemoteError  drv_remote.o
    0x080038e4   0x080038e4   0x00000044   Code   RO         3787    i.Remote_RXCallback  drv_remote.o
    0x08003928   0x08003928   0x0000002c   Code   RO         3788    i.Remote_ResetRemoteData  drv_remote.o
    0x08003954   0x08003954   0x0000000c   Code   RO         3613    i.Remote_Task       app_remote.o
    0x08003960   0x08003960   0x00000002   Code   RO         3789    i.Remote_ToSwitchState  drv_remote.o
    0x08003962   0x08003962   0x00000002   PAD
    0x08003964   0x08003964   0x0000002c   Code   RO         5463    i.SysTick_Handler   port.o
    0x08003990   0x08003990   0x00000094   Code   RO           15    i.SystemClock_Config  main.o
    0x08003a24   0x08003a24   0x00000010   Code   RO         3523    i.SystemInit        system_stm32f4xx.o
    0x08003a34   0x08003a34   0x0000000c   Code   RO          577    i.TIM6_DAC_IRQHandler  stm32f4xx_it.o
    0x08003a40   0x08003a40   0x000000d4   Code   RO          831    i.TIM_Base_SetConfig  stm32f4xx_hal_tim.o
    0x08003b14   0x08003b14   0x0000001a   Code   RO          832    i.TIM_CCxChannelCmd  stm32f4xx_hal_tim.o
    0x08003b2e   0x08003b2e   0x00000014   Code   RO          842    i.TIM_ETR_SetConfig  stm32f4xx_hal_tim.o
    0x08003b42   0x08003b42   0x00000010   Code   RO          843    i.TIM_ITRx_SetConfig  stm32f4xx_hal_tim.o
    0x08003b52   0x08003b52   0x00000002   PAD
    0x08003b54   0x08003b54   0x00000068   Code   RO          844    i.TIM_OC1_SetConfig  stm32f4xx_hal_tim.o
    0x08003bbc   0x08003bbc   0x00000074   Code   RO          845    i.TIM_OC2_SetConfig  stm32f4xx_hal_tim.o
    0x08003c30   0x08003c30   0x00000070   Code   RO          846    i.TIM_OC3_SetConfig  stm32f4xx_hal_tim.o
    0x08003ca0   0x08003ca0   0x00000054   Code   RO          847    i.TIM_OC4_SetConfig  stm32f4xx_hal_tim.o
    0x08003cf4   0x08003cf4   0x00000022   Code   RO          849    i.TIM_TI1_ConfigInputStage  stm32f4xx_hal_tim.o
    0x08003d16   0x08003d16   0x00000024   Code   RO          851    i.TIM_TI2_ConfigInputStage  stm32f4xx_hal_tim.o
    0x08003d3a   0x08003d3a   0x0000000e   Code   RO         3192    i.UART_DMAAbortOnError  stm32f4xx_hal_uart.o
    0x08003d48   0x08003d48   0x0000004e   Code   RO         3202    i.UART_EndRxTransfer  stm32f4xx_hal_uart.o
    0x08003d96   0x08003d96   0x0000001a   Code   RO         3203    i.UART_EndTransmit_IT  stm32f4xx_hal_uart.o
    0x08003db0   0x08003db0   0x000000c8   Code   RO         3205    i.UART_Receive_IT   stm32f4xx_hal_uart.o
    0x08003e78   0x08003e78   0x00000114   Code   RO         3206    i.UART_SetConfig    stm32f4xx_hal_uart.o
    0x08003f8c   0x08003f8c   0x0000005e   Code   RO         3209    i.UART_Transmit_IT  stm32f4xx_hal_uart.o
    0x08003fea   0x08003fea   0x00000002   PAD
    0x08003fec   0x08003fec   0x00000018   Code   RO          578    i.USART3_IRQHandler  stm32f4xx_it.o
    0x08004004   0x08004004   0x00000020   Code   RO          579    i.Uart_RxIdleCallback  stm32f4xx_it.o
    0x08004024   0x08004024   0x00000002   Code   RO          580    i.UsageFault_Handler  stm32f4xx_it.o
    0x08004026   0x08004026   0x00000020   Code   RO         2759    i.__NVIC_SetPriority  stm32f4xx_hal_cortex.o
    0x08004046   0x08004046   0x00000002   PAD
    0x08004048   0x08004048   0x00000088   Code   RO         7151    i.arm_cos_f32       fastmathfunctions.o
    0x080040d0   0x080040d0   0x00000084   Code   RO         7158    i.arm_sin_f32       fastmathfunctions.o
    0x08004154   0x08004154   0x00000120   Code   RO         3682    i.gm6020_encoder_callback  drv_motor.o
    0x08004274   0x08004274   0x00000040   Code   RO           16    i.main              main.o
    0x080042b4   0x080042b4   0x0000000c   Code   RO         5028    i.makeFreeRtosPriority  cmsis_os.o
    0x080042c0   0x080042c0   0x00000010   Code   RO         5030    i.osDelay           cmsis_os.o
    0x080042d0   0x080042d0   0x0000000a   Code   RO         5033    i.osKernelStart     cmsis_os.o
    0x080042da   0x080042da   0x00000058   Code   RO         5067    i.osThreadCreate    cmsis_os.o
    0x08004332   0x08004332   0x00000002   PAD
    0x08004334   0x08004334   0x00000070   Code   RO         4699    i.prvAddCurrentTaskToDelayedList  tasks.o
    0x080043a4   0x080043a4   0x00000088   Code   RO         4700    i.prvAddNewTaskToReadyList  tasks.o
    0x0800442c   0x0800442c   0x0000003c   Code   RO         4701    i.prvCheckTasksWaitingTermination  tasks.o
    0x08004468   0x08004468   0x00000040   Code   RO         4702    i.prvDeleteTCB      tasks.o
    0x080044a8   0x080044a8   0x0000004c   Code   RO         5395    i.prvHeapInit       heap_4.o
    0x080044f4   0x080044f4   0x00000028   Code   RO         4703    i.prvIdleTask       tasks.o
    0x0800451c   0x0800451c   0x00000094   Code   RO         4704    i.prvInitialiseNewTask  tasks.o
    0x080045b0   0x080045b0   0x00000058   Code   RO         4705    i.prvInitialiseTaskLists  tasks.o
    0x08004608   0x08004608   0x00000054   Code   RO         5396    i.prvInsertBlockIntoFreeList  heap_4.o
    0x0800465c   0x0800465c   0x00000024   Code   RO         4706    i.prvResetNextTaskUnblockTime  tasks.o
    0x08004680   0x08004680   0x0000002c   Code   RO         5464    i.prvTaskExitError  port.o
    0x080046ac   0x080046ac   0x000000dc   Code   RO         5397    i.pvPortMalloc      heap_4.o
    0x08004788   0x08004788   0x00000024   Code   RO         5465    i.pxPortInitialiseStack  port.o
    0x080047ac   0x080047ac   0x0000018c   Code   RO         3683    i.rm2006_encoder_callback  drv_motor.o
    0x08004938   0x08004938   0x00000188   Code   RO         3684    i.rm3508_encoder_callback  drv_motor.o
    0x08004ac0   0x08004ac0   0x00000026   Code   RO         4325    i.uxListRemove      list.o
    0x08004ae6   0x08004ae6   0x00000002   PAD
    0x08004ae8   0x08004ae8   0x00000014   Code   RO          348    i.vApplicationGetIdleTaskMemory  freertos.o
    0x08004afc   0x08004afc   0x00000016   Code   RO         4326    i.vListInitialise   list.o
    0x08004b12   0x08004b12   0x00000006   Code   RO         4327    i.vListInitialiseItem  list.o
    0x08004b18   0x08004b18   0x00000030   Code   RO         4328    i.vListInsert       list.o
    0x08004b48   0x08004b48   0x00000018   Code   RO         4329    i.vListInsertEnd    list.o
    0x08004b60   0x08004b60   0x00000040   Code   RO         5467    i.vPortEnterCritical  port.o
    0x08004ba0   0x08004ba0   0x0000002c   Code   RO         5468    i.vPortExitCritical  port.o
    0x08004bcc   0x08004bcc   0x00000064   Code   RO         5398    i.vPortFree         heap_4.o
    0x08004c30   0x08004c30   0x00000024   Code   RO         5469    i.vPortSetupTimerInterrupt  port.o
    0x08004c54   0x08004c54   0x00000050   Code   RO         4715    i.vTaskDelay        tasks.o
    0x08004ca4   0x08004ca4   0x00000088   Code   RO         4728    i.vTaskStartScheduler  tasks.o
    0x08004d2c   0x08004d2c   0x00000010   Code   RO         4730    i.vTaskSuspendAll   tasks.o
    0x08004d3c   0x08004d3c   0x00000060   Code   RO         4731    i.vTaskSwitchContext  tasks.o
    0x08004d9c   0x08004d9c   0x000000f4   Code   RO         5471    i.xPortStartScheduler  port.o
    0x08004e90   0x08004e90   0x00000064   Code   RO         4734    i.xTaskCreate       tasks.o
    0x08004ef4   0x08004ef4   0x0000005c   Code   RO         4735    i.xTaskCreateStatic  tasks.o
    0x08004f50   0x08004f50   0x000000d0   Code   RO         4742    i.xTaskIncrementTick  tasks.o
    0x08005020   0x08005020   0x000000cc   Code   RO         4748    i.xTaskResumeAll    tasks.o
    0x080050ec   0x080050ec   0x0000000a   Code   RO        12148    x$fpl$fpinit        fz_wm.l(fpinit.o)
    0x080050f6   0x080050f6   0x00000002   PAD
    0x080050f8   0x080050f8   0x00000038   Data   RO          350    .constdata          freertos.o
    0x08005130   0x08005130   0x00000008   Data   RO         2473    .constdata          stm32f4xx_hal_dma.o
    0x08005138   0x08005138   0x00000010   Data   RO         3524    .constdata          system_stm32f4xx.o
    0x08005148   0x08005148   0x00000008   Data   RO         3525    .constdata          system_stm32f4xx.o
    0x08005150   0x08005150   0x00000004   Data   RO         4186    .constdata          sys_const.o
    0x08005154   0x08005154   0x00000004   Data   RO         4187    .constdata          sys_const.o
    0x08005158   0x08005158   0x00000004   Data   RO         4188    .constdata          sys_const.o
    0x0800515c   0x0800515c   0x00000004   Data   RO         4189    .constdata          sys_const.o
    0x08005160   0x08005160   0x00000004   Data   RO         4190    .constdata          sys_const.o
    0x08005164   0x08005164   0x00000050   Data   RO         4193    .constdata          sys_const.o
    0x080051b4   0x080051b4   0x00000050   Data   RO         4194    .constdata          sys_const.o
    0x08005204   0x08005204   0x00000050   Data   RO         4195    .constdata          sys_const.o
    0x08005254   0x08005254   0x00000050   Data   RO         4196    .constdata          sys_const.o
    0x080052a4   0x080052a4   0x00000050   Data   RO         4197    .constdata          sys_const.o
    0x080052f4   0x080052f4   0x00000050   Data   RO         4198    .constdata          sys_const.o
    0x08005344   0x08005344   0x00000050   Data   RO         4199    .constdata          sys_const.o
    0x08005394   0x08005394   0x00000050   Data   RO         4200    .constdata          sys_const.o
    0x080053e4   0x080053e4   0x00000804   Data   RO         6324    .constdata          commontables.o
    0x08005be8   0x08005be8   0x00000020   Data   RO          351    .conststring        freertos.o
    0x08005c08   0x08005c08   0x00000020   Data   RO        12204    Region$$Table       anon$$obj.o


    Execution Region RW_IRAM1 (Exec base: 0x20000000, Load base: 0x08005c28, Size: 0x00005310, Max: 0x0001c000, ABSOLUTE, COMPRESSED[0x0000008c])

    Exec Addr    Load Addr    Size         Type   Attr      Idx    E Section Name        Object

    0x20000000   COMPRESSED   0x00000008   Data   RW          352    .data               freertos.o
    0x20000008   COMPRESSED   0x00000004   Data   RW          409    .data               can.o
    0x2000000c   COMPRESSED   0x0000000c   Data   RW         2918    .data               stm32f4xx_hal.o
    0x20000018   COMPRESSED   0x00000004   Data   RW         3526    .data               system_stm32f4xx.o
    0x2000001c   COMPRESSED   0x00000200   Data   RW         3617    .data               app_remote.o
    0x2000021c   COMPRESSED   0x00000008   Data   RW         3796    .data               drv_remote.o
    0x20000224   COMPRESSED   0x0000003c   Data   RW         4751    .data               tasks.o
    0x20000260   COMPRESSED   0x00000020   Data   RW         5404    .data               heap_4.o
    0x20000280   COMPRESSED   0x0000000c   Data   RW         5472    .data               port.o
    0x2000028c        -       0x00000254   Zero   RW          349    .bss                freertos.o
    0x200004e0        -       0x00000050   Zero   RW          408    .bss                can.o
    0x20000530        -       0x00000048   Zero   RW          481    .bss                tim.o
    0x20000578        -       0x000000a8   Zero   RW          528    .bss                usart.o
    0x20000620        -       0x00000048   Zero   RW          700    .bss                stm32f4xx_hal_timebase_tim.o
    0x20000668        -       0x00000378   Zero   RW         3685    .bss                drv_motor.o
    0x200009e0        -       0x00000064   Zero   RW         3790    .bss                drv_remote.o
    0x20000a44        -       0x0000001c   Zero   RW         4063    .bss                bsp_can.o
    0x20000a60        -       0x000000c8   Zero   RW         4064    .bss                bsp_can.o
    0x20000b28        -       0x00000498   Zero   RW         4121    .bss                module_chassis.o
    0x20000fc0        -       0x000000f0   Zero   RW         4750    .bss                tasks.o
    0x200010b0        -       0x00003c00   Zero   RW         5403    .bss                heap_4.o
    0x20004cb0        -       0x00000060   Zero   RW        12064    .bss                c_w.l(libspace.o)
    0x20004d10        -       0x00000200   Zero   RW            2    HEAP                startup_stm32f407xx.o
    0x20004f10        -       0x00000400   Zero   RW            1    STACK               startup_stm32f407xx.o


    Execution Region RW_IRAM2 (Exec base: 0x2001c000, Load base: 0x08005cb4, Size: 0x00000000, Max: 0x00004000, ABSOLUTE)

    **** No section assigned to this execution region ****


==============================================================================

Image component sizes


      Code (inc. data)   RO Data    RW Data    ZI Data      Debug   Object Name

        70          0          0          0          0       1618   alg_filter.o
        72          0          0          0          0        676   alg_math.o
       884          0          0          0          0       4456   alg_pid.o
        16          0          0          0          0        511   app_chassis.o
        40         10          0          0          0        519   app_init.o
       308         18          0        512          0       3947   app_remote.o
       188         14          0          0        228       3771   bsp_can.o
       392         42          0          4         80       2530   can.o
       126          0          0          0          0      23075   cmsis_os.o
         0          0       2052          0          0      13461   commontables.o
        44          4          0          0          0        778   dma.o
      1792        102          0          0        888      10451   drv_motor.o
       522         28          0          8        100       7859   drv_remote.o
         0          0          0          0          0      16896   event_groups.o
       268         24          0          0          0       1780   fastmathfunctions.o
        80         12         88          8        596       6601   freertos.o
       144         10          0          0          0        995   gpio.o
       480         26          0         32      15360       7563   heap_4.o
       138          0          0          0          0       3578   list.o
       236         18          0          0          0     741196   main.o
      1540        106          0          0       1176       5392   module_chassis.o
       702         74          0         12          0      11092   port.o
        64         26        392          0       1536        848   startup_stm32f407xx.o
        80         14          0         12          0       8094   stm32f4xx_hal.o
      1764          6          0          0          0      14127   stm32f4xx_hal_can.o
       158         14          0          0          0      33122   stm32f4xx_hal_cortex.o
      1130         14          8          0          0       7415   stm32f4xx_hal_dma.o
       478         44          0          0          0       2316   stm32f4xx_hal_gpio.o
        56          4          0          0          0        866   stm32f4xx_hal_msp.o
      1536         88          0          0          0       7029   stm32f4xx_hal_rcc.o
      2166        168          0          0          0      17869   stm32f4xx_hal_tim.o
       148         30          0          0          0       2565   stm32f4xx_hal_tim_ex.o
       152         20          0          0         72       1563   stm32f4xx_hal_timebase_tim.o
      1382         16          0          0          0       9752   stm32f4xx_hal_uart.o
       204         46          0          0          0       7602   stm32f4xx_it.o
         0          0          0          0          0        384   stream_buffer.o
         0          0        660          0          0       1696   sys_const.o
        16          4         24          4          0       1139   system_stm32f4xx.o
      1616        120          0         60        240      20789   tasks.o
       276         34          0          0         72       2384   tim.o
       244         36          0          0        168       1821   usart.o

    ----------------------------------------------------------------------
     19562       1172       3256        652      20516    1010126   Object Totals
         0          0         32          0          0          0   (incl. Generated)
        50          0          0          0          0          0   (incl. Padding)

    ----------------------------------------------------------------------

      Code (inc. data)   RO Data    RW Data    ZI Data      Debug   Library Member Name

        90          0          0          0          0          0   __dczerorl2.o
         8          0          0          0          0         68   __main.o
         0          0          0          0          0          0   __rtentry.o
        12          0          0          0          0          0   __rtentry2.o
         6          0          0          0          0          0   __rtentry4.o
        52          8          0          0          0          0   __scatter.o
        28          0          0          0          0          0   __scatter_zi.o
        18          0          0          0          0         80   exit.o
         6          0          0          0          0        152   heapauxi.o
         0          0          0          0          0          0   indicate_semi.o
         2          0          0          0          0          0   libinit.o
         6          0          0          0          0          0   libinit2.o
         2          0          0          0          0          0   libshutdown.o
         2          0          0          0          0          0   libshutdown2.o
         8          4          0          0         96         68   libspace.o
       238          0          0          0          0        100   lludivv7m.o
        78          0          0          0          0         80   rt_memclr_w.o
       100          0          0          0          0         80   rt_memcpy_w.o
         2          0          0          0          0          0   rtexit.o
        10          0          0          0          0          0   rtexit2.o
        12          4          0          0          0         68   sys_exit.o
        74          0          0          0          0         80   sys_stackheap_outer.o
         2          0          0          0          0         68   use_no_semi.o
        10          0          0          0          0        116   fpinit.o

    ----------------------------------------------------------------------
       774         16          0          0         96        960   Library Totals
         8          0          0          0          0          0   (incl. Padding)

    ----------------------------------------------------------------------

      Code (inc. data)   RO Data    RW Data    ZI Data      Debug   Library Name

       756         16          0          0         96        844   c_w.l
        10          0          0          0          0        116   fz_wm.l

    ----------------------------------------------------------------------
       774         16          0          0         96        960   Library Totals

    ----------------------------------------------------------------------

==============================================================================


      Code (inc. data)   RO Data    RW Data    ZI Data      Debug   

     20336       1188       3256        652      20612     992474   Grand Totals
     20336       1188       3256        140      20612     992474   ELF Image Totals (compressed)
     20336       1188       3256        140          0          0   ROM Totals

==============================================================================

    Total RO  Size (Code + RO Data)                23592 (  23.04kB)
    Total RW  Size (RW Data + ZI Data)             21264 (  20.77kB)
    Total ROM Size (Code + RO Data + RW Data)      23732 (  23.18kB)

==============================================================================

